Product: MDK-ARM Professional 5.10
Component: ARM Compiler 5.04 update 1 (build 49)
Tool: armlink [5040049]

==============================================================================

Section Cross References

    main_file.o(i.TouchHandler) refers to main_file.o(.data) for update
    main_file.o(i.main) refers to ili9488_display.o(i.ILI9488_Init) for ILI9488_Init
    main_file.o(i.main) refers to touchpanel.o(i.TouchPanel_Init) for TouchPanel_Init
    main_file.o(i.main) refers to touchpanel.o(i.TouchInterruptHandler) for TouchInterruptHandler
    main_file.o(i.main) refers to touchpanel.o(i.EnableTouchInterrupt) for EnableTouchInterrupt
    main_file.o(i.main) refers to ili9488_display.o(i.LCD_FULL) for LCD_FULL
    main_file.o(i.main) refers to ili9488_display.o(i.show_picture) for show_picture
    main_file.o(i.main) refers to main_file.o(i.TouchHandler) for TouchHandler
    main_file.o(i.main) refers to main_file.o(.data) for update
    delays.o(i.Delay_Short) refers to delays.o(i.Delay_Cycles) for Delay_Cycles
    delays.o(i.Delay_Single) refers to delays.o(i.Delay_Cycles) for Delay_Cycles
    ili9488_display.o(i.ClearScreen) refers to ili9488_display.o(i.LCD_SetPos) for LCD_SetPos
    ili9488_display.o(i.ClearScreen) refers to ili9488_display.o(i.Write_Data_U16) for Write_Data_U16
    ili9488_display.o(i.ILI9488_EnterSleep) refers to ili9488_display.o(i.Write_Cmd) for Write_Cmd
    ili9488_display.o(i.ILI9488_EnterSleep) refers to delays.o(i.Delay_ms) for Delay_ms
    ili9488_display.o(i.ILI9488_ExitSleep) refers to ili9488_display.o(i.Write_Cmd) for Write_Cmd
    ili9488_display.o(i.ILI9488_ExitSleep) refers to delays.o(i.Delay_ms) for Delay_ms
    ili9488_display.o(i.ILI9488_Init) refers to ili9488_display.o(i.ILI9488_InitPeripherals) for ILI9488_InitPeripherals
    ili9488_display.o(i.ILI9488_Init) refers to ili9488_display.o(i.ILI9488_SendInitSequence) for ILI9488_SendInitSequence
    ili9488_display.o(i.ILI9488_SendInitSequence) refers to delays.o(i.Delay_ms) for Delay_ms
    ili9488_display.o(i.ILI9488_SendInitSequence) refers to ili9488_display.o(i.Write_Cmd) for Write_Cmd
    ili9488_display.o(i.ILI9488_SendInitSequence) refers to ili9488_display.o(i.Write_Cmd_Data) for Write_Cmd_Data
    ili9488_display.o(i.LCD_FULL) refers to ili9488_display.o(i.LCD_SetPos) for LCD_SetPos
    ili9488_display.o(i.LCD_FULL) refers to ili9488_display.o(i.Write_Data_U16) for Write_Data_U16
    ili9488_display.o(i.LCD_SetPos) refers to ili9488_display.o(i.Write_Cmd) for Write_Cmd
    ili9488_display.o(i.LCD_SetPos) refers to ili9488_display.o(i.Write_Cmd_Data) for Write_Cmd_Data
    ili9488_display.o(i.Write_Data_U16) refers to ili9488_display.o(i.Write_Data) for Write_Data
    ili9488_display.o(i.show_picture) refers to ili9488_display.o(i.LCD_SetPos) for LCD_SetPos
    ili9488_display.o(i.show_picture) refers to ili9488_display.o(i.Write_Data_U16) for Write_Data_U16
    ili9488_display.o(i.show_picture) refers to images.o(.constdata) for pic
    touchpanel.o(i.DisableTouchInterrupt) refers to touchpanel.o(i.NVIC_ClearPendingIRQ) for NVIC_ClearPendingIRQ
    touchpanel.o(i.EnableTouchInterrupt) refers to touchpanel.o(i.NVIC_ClearPendingIRQ) for NVIC_ClearPendingIRQ
    touchpanel.o(i.PORTE_IRQHandler) refers to touchpanel.o(i.DisableTouchInterrupt) for DisableTouchInterrupt
    touchpanel.o(i.PORTE_IRQHandler) refers to touchpanel.o(.data) for touchCallBack
    touchpanel.o(i.TouchInterruptHandler) refers to touchpanel.o(.data) for touchCallBack
    startup_mk70f12.o(STACK) refers (Special) to heapauxi.o(.text) for __use_two_region_memory
    startup_mk70f12.o(HEAP) refers (Special) to heapauxi.o(.text) for __use_two_region_memory
    startup_mk70f12.o(RESET) refers (Special) to heapauxi.o(.text) for __use_two_region_memory
    startup_mk70f12.o(RESET) refers to startup_mk70f12.o(STACK) for __initial_sp
    startup_mk70f12.o(RESET) refers to startup_mk70f12.o(.text) for Reset_Handler
    startup_mk70f12.o(RESET) refers to touchpanel.o(i.PORTE_IRQHandler) for PORTE_IRQHandler
    startup_mk70f12.o(.ARM.__at_0x400) refers (Special) to heapauxi.o(.text) for __use_two_region_memory
    startup_mk70f12.o(.text) refers (Special) to heapauxi.o(.text) for __use_two_region_memory
    startup_mk70f12.o(.text) refers to system_mk70f12.o(i.SystemInit) for SystemInit
    startup_mk70f12.o(.text) refers to __main.o(!!!main) for __main
    startup_mk70f12.o(.text) refers to startup_mk70f12.o(HEAP) for Heap_Mem
    startup_mk70f12.o(.text) refers to startup_mk70f12.o(STACK) for Stack_Mem
    __main.o(!!!main) refers to rtentry.o(.ARM.Collect$$rtentry$$00000000) for __rt_entry
    rtentry.o(.ARM.Collect$$rtentry$$00000000) refers (Special) to rtentry2.o(.ARM.Collect$$rtentry$$0000000A) for __rt_entry_li
    rtentry.o(.ARM.Collect$$rtentry$$00000000) refers (Special) to rtentry2.o(.ARM.Collect$$rtentry$$0000000D) for __rt_entry_main
    rtentry.o(.ARM.Collect$$rtentry$$00000000) refers (Special) to rtentry2.o(.ARM.Collect$$rtentry$$0000000C) for __rt_entry_postli_1
    rtentry.o(.ARM.Collect$$rtentry$$00000000) refers (Special) to rtentry2.o(.ARM.Collect$$rtentry$$00000009) for __rt_entry_postsh_1
    rtentry.o(.ARM.Collect$$rtentry$$00000000) refers (Special) to rtentry2.o(.ARM.Collect$$rtentry$$00000002) for __rt_entry_presh_1
    rtentry.o(.ARM.Collect$$rtentry$$00000000) refers (Special) to rtentry4.o(.ARM.Collect$$rtentry$$00000004) for __rt_entry_sh
    rtentry2.o(.ARM.Collect$$rtentry$$00000008) refers to boardinit2.o(.text) for _platform_post_stackheap_init
    rtentry2.o(.ARM.Collect$$rtentry$$0000000A) refers to libinit.o(.ARM.Collect$$libinit$$00000000) for __rt_lib_init
    rtentry2.o(.ARM.Collect$$rtentry$$0000000B) refers to boardinit3.o(.text) for _platform_post_lib_init
    rtentry2.o(.ARM.Collect$$rtentry$$0000000D) refers to main_file.o(i.main) for main
    rtentry2.o(.ARM.Collect$$rtentry$$0000000D) refers to exit.o(.text) for exit
    rtentry2.o(.ARM.exidx) refers to rtentry2.o(.ARM.Collect$$rtentry$$00000001) for .ARM.Collect$$rtentry$$00000001
    rtentry2.o(.ARM.exidx) refers to rtentry2.o(.ARM.Collect$$rtentry$$00000008) for .ARM.Collect$$rtentry$$00000008
    rtentry2.o(.ARM.exidx) refers to rtentry2.o(.ARM.Collect$$rtentry$$0000000A) for .ARM.Collect$$rtentry$$0000000A
    rtentry2.o(.ARM.exidx) refers to rtentry2.o(.ARM.Collect$$rtentry$$0000000B) for .ARM.Collect$$rtentry$$0000000B
    rtentry2.o(.ARM.exidx) refers to rtentry2.o(.ARM.Collect$$rtentry$$0000000D) for .ARM.Collect$$rtentry$$0000000D
    rtentry4.o(.ARM.Collect$$rtentry$$00000004) refers to sys_stackheap_outer.o(.text) for __user_setup_stackheap
    rtentry4.o(.ARM.exidx) refers to rtentry4.o(.ARM.Collect$$rtentry$$00000004) for .ARM.Collect$$rtentry$$00000004
    sys_stackheap_outer.o(.text) refers to libspace.o(.text) for __user_perproc_libspace
    sys_stackheap_outer.o(.text) refers to startup_mk70f12.o(.text) for __user_initial_stackheap
    exit.o(.text) refers to rtexit.o(.ARM.Collect$$rtexit$$00000000) for __rt_exit
    libinit.o(.ARM.Collect$$libinit$$00000000) refers (Special) to libinit2.o(.ARM.Collect$$libinit$$0000002C) for __rt_lib_init_alloca_1
    libinit.o(.ARM.Collect$$libinit$$00000000) refers (Special) to libinit2.o(.ARM.Collect$$libinit$$0000002A) for __rt_lib_init_argv_1
    libinit.o(.ARM.Collect$$libinit$$00000000) refers (Special) to libinit2.o(.ARM.Collect$$libinit$$00000019) for __rt_lib_init_atexit_1
    libinit.o(.ARM.Collect$$libinit$$00000000) refers (Special) to libinit2.o(.ARM.Collect$$libinit$$0000001F) for __rt_lib_init_clock_1
    libinit.o(.ARM.Collect$$libinit$$00000000) refers (Special) to libinit2.o(.ARM.Collect$$libinit$$00000030) for __rt_lib_init_cpp_1
    libinit.o(.ARM.Collect$$libinit$$00000000) refers (Special) to libinit2.o(.ARM.Collect$$libinit$$0000002E) for __rt_lib_init_exceptions_1
    libinit.o(.ARM.Collect$$libinit$$00000000) refers (Special) to libinit2.o(.ARM.Collect$$libinit$$00000001) for __rt_lib_init_fp_1
    libinit.o(.ARM.Collect$$libinit$$00000000) refers (Special) to libinit2.o(.ARM.Collect$$libinit$$0000001D) for __rt_lib_init_fp_trap_1
    libinit.o(.ARM.Collect$$libinit$$00000000) refers (Special) to libinit2.o(.ARM.Collect$$libinit$$00000021) for __rt_lib_init_getenv_1
    libinit.o(.ARM.Collect$$libinit$$00000000) refers (Special) to libinit2.o(.ARM.Collect$$libinit$$00000008) for __rt_lib_init_heap_1
    libinit.o(.ARM.Collect$$libinit$$00000000) refers (Special) to libinit2.o(.ARM.Collect$$libinit$$0000000F) for __rt_lib_init_lc_collate_1
    libinit.o(.ARM.Collect$$libinit$$00000000) refers (Special) to libinit2.o(.ARM.Collect$$libinit$$00000011) for __rt_lib_init_lc_ctype_1
    libinit.o(.ARM.Collect$$libinit$$00000000) refers (Special) to libinit2.o(.ARM.Collect$$libinit$$00000013) for __rt_lib_init_lc_monetary_1
    libinit.o(.ARM.Collect$$libinit$$00000000) refers (Special) to libinit2.o(.ARM.Collect$$libinit$$00000015) for __rt_lib_init_lc_numeric_1
    libinit.o(.ARM.Collect$$libinit$$00000000) refers (Special) to libinit2.o(.ARM.Collect$$libinit$$00000017) for __rt_lib_init_lc_time_1
    libinit.o(.ARM.Collect$$libinit$$00000000) refers (Special) to libinit2.o(.ARM.Collect$$libinit$$0000000C) for __rt_lib_init_rand_1
    libinit.o(.ARM.Collect$$libinit$$00000000) refers (Special) to libinit2.o(.ARM.Collect$$libinit$$00000031) for __rt_lib_init_return
    libinit.o(.ARM.Collect$$libinit$$00000000) refers (Special) to libinit2.o(.ARM.Collect$$libinit$$0000001B) for __rt_lib_init_signal_1
    libinit.o(.ARM.Collect$$libinit$$00000000) refers (Special) to libinit2.o(.ARM.Collect$$libinit$$00000023) for __rt_lib_init_stdio_1
    libinit.o(.ARM.Collect$$libinit$$00000000) refers (Special) to libinit2.o(.ARM.Collect$$libinit$$0000000A) for __rt_lib_init_user_alloc_1
    libspace.o(.text) refers to libspace.o(.bss) for __libspace_start
    rtexit.o(.ARM.Collect$$rtexit$$00000000) refers (Special) to rtexit2.o(.ARM.Collect$$rtexit$$00000004) for __rt_exit_exit
    rtexit.o(.ARM.Collect$$rtexit$$00000000) refers (Special) to rtexit2.o(.ARM.Collect$$rtexit$$00000003) for __rt_exit_ls
    rtexit.o(.ARM.Collect$$rtexit$$00000000) refers (Special) to rtexit2.o(.ARM.Collect$$rtexit$$00000002) for __rt_exit_prels_1
    rtexit.o(.ARM.exidx) refers (Special) to rtexit2.o(.ARM.Collect$$rtexit$$00000004) for __rt_exit_exit
    rtexit.o(.ARM.exidx) refers (Special) to rtexit2.o(.ARM.Collect$$rtexit$$00000003) for __rt_exit_ls
    rtexit.o(.ARM.exidx) refers (Special) to rtexit2.o(.ARM.Collect$$rtexit$$00000002) for __rt_exit_prels_1
    rtexit.o(.ARM.exidx) refers to rtexit.o(.ARM.Collect$$rtexit$$00000000) for .ARM.Collect$$rtexit$$00000000
    libinit2.o(.ARM.Collect$$libinit$$00000001) refers to fpinit.o(x$fpl$fpinit) for _fp_init
    libinit2.o(.ARM.Collect$$libinit$$0000000E) refers to libinit2.o(.ARM.Collect$$libinit$$0000000D) for .ARM.Collect$$libinit$$0000000D
    libinit2.o(.ARM.Collect$$libinit$$00000010) refers to libinit2.o(.ARM.Collect$$libinit$$0000000D) for .ARM.Collect$$libinit$$0000000D
    libinit2.o(.ARM.Collect$$libinit$$00000012) refers to libinit2.o(.ARM.Collect$$libinit$$0000000D) for .ARM.Collect$$libinit$$0000000D
    libinit2.o(.ARM.Collect$$libinit$$00000014) refers to libinit2.o(.ARM.Collect$$libinit$$0000000D) for .ARM.Collect$$libinit$$0000000D
    libinit2.o(.ARM.Collect$$libinit$$00000016) refers to libinit2.o(.ARM.Collect$$libinit$$0000000D) for .ARM.Collect$$libinit$$0000000D
    libinit2.o(.ARM.Collect$$libinit$$00000024) refers to argv_veneer.o(.emb_text) for __ARM_argv_veneer
    libinit2.o(.ARM.Collect$$libinit$$00000025) refers to argv_veneer.o(.emb_text) for __ARM_argv_veneer
    rtexit2.o(.ARM.Collect$$rtexit$$00000003) refers to libshutdown.o(.ARM.Collect$$libshutdown$$00000000) for __rt_lib_shutdown
    rtexit2.o(.ARM.Collect$$rtexit$$00000004) refers to sys_exit.o(.text) for _sys_exit
    rtexit2.o(.ARM.exidx) refers to rtexit2.o(.ARM.Collect$$rtexit$$00000001) for .ARM.Collect$$rtexit$$00000001
    rtexit2.o(.ARM.exidx) refers to rtexit2.o(.ARM.Collect$$rtexit$$00000003) for .ARM.Collect$$rtexit$$00000003
    rtexit2.o(.ARM.exidx) refers to rtexit2.o(.ARM.Collect$$rtexit$$00000004) for .ARM.Collect$$rtexit$$00000004
    argv_veneer.o(.emb_text) refers to no_argv.o(.text) for __ARM_get_argv
    sys_exit.o(.text) refers (Special) to use_no_semi.o(.text) for __I$use$semihosting
    sys_exit.o(.text) refers (Special) to indicate_semi.o(.text) for __semihosting_library_function
    _get_argv_nomalloc.o(.text) refers (Special) to hrguard.o(.text) for __heap_region$guard
    _get_argv_nomalloc.o(.text) refers to defsig_rtmem_outer.o(.text) for __rt_SIGRTMEM
    _get_argv_nomalloc.o(.text) refers to sys_command.o(.text) for _sys_command_string
    libshutdown.o(.ARM.Collect$$libshutdown$$00000000) refers (Special) to libshutdown2.o(.ARM.Collect$$libshutdown$$00000006) for __rt_lib_shutdown_fp_trap_1
    libshutdown.o(.ARM.Collect$$libshutdown$$00000000) refers (Special) to libshutdown2.o(.ARM.Collect$$libshutdown$$0000000E) for __rt_lib_shutdown_heap_1
    libshutdown.o(.ARM.Collect$$libshutdown$$00000000) refers (Special) to libshutdown2.o(.ARM.Collect$$libshutdown$$0000000F) for __rt_lib_shutdown_return
    libshutdown.o(.ARM.Collect$$libshutdown$$00000000) refers (Special) to libshutdown2.o(.ARM.Collect$$libshutdown$$00000009) for __rt_lib_shutdown_signal_1
    libshutdown.o(.ARM.Collect$$libshutdown$$00000000) refers (Special) to libshutdown2.o(.ARM.Collect$$libshutdown$$00000003) for __rt_lib_shutdown_stdio_1
    libshutdown.o(.ARM.Collect$$libshutdown$$00000000) refers (Special) to libshutdown2.o(.ARM.Collect$$libshutdown$$0000000B) for __rt_lib_shutdown_user_alloc_1
    sys_command.o(.text) refers (Special) to use_no_semi.o(.text) for __I$use$semihosting
    sys_command.o(.text) refers (Special) to indicate_semi.o(.text) for __semihosting_library_function
    defsig_rtmem_outer.o(.text) refers to defsig_rtmem_inner.o(.text) for __rt_SIGRTMEM_inner
    defsig_rtmem_outer.o(.text) refers to defsig_exit.o(.text) for __sig_exit
    defsig_rtmem_formal.o(.text) refers to rt_raise.o(.text) for __rt_raise
    rt_raise.o(.text) refers to __raise.o(.text) for __raise
    rt_raise.o(.text) refers to sys_exit.o(.text) for _sys_exit
    defsig_exit.o(.text) refers to sys_exit.o(.text) for _sys_exit
    defsig_rtmem_inner.o(.text) refers to defsig_general.o(.text) for __default_signal_display
    __raise.o(.text) refers to defsig.o(CL$$defsig) for __default_signal_handler
    defsig_general.o(.text) refers to sys_wrch.o(.text) for _ttywrch
    sys_wrch.o(.text) refers (Special) to use_no_semi.o(.text) for __I$use$semihosting
    sys_wrch.o(.text) refers (Special) to indicate_semi.o(.text) for __semihosting_library_function
    defsig.o(CL$$defsig) refers to defsig_rtmem_inner.o(.text) for __rt_SIGRTMEM_inner
    defsig_abrt_inner.o(.text) refers to defsig_general.o(.text) for __default_signal_display
    defsig_fpe_inner.o(.text) refers to defsig_general.o(.text) for __default_signal_display
    defsig_rtred_inner.o(.text) refers to defsig_general.o(.text) for __default_signal_display
    defsig_stak_inner.o(.text) refers to defsig_general.o(.text) for __default_signal_display
    defsig_pvfn_inner.o(.text) refers to defsig_general.o(.text) for __default_signal_display
    defsig_cppl_inner.o(.text) refers to defsig_general.o(.text) for __default_signal_display
    defsig_segv_inner.o(.text) refers to defsig_general.o(.text) for __default_signal_display
    defsig_other.o(.text) refers to defsig_general.o(.text) for __default_signal_display


==============================================================================

Removing Unused input sections from the image.

    Removing main_file.o(.rev16_text), (4 bytes).
    Removing main_file.o(.revsh_text), (4 bytes).
    Removing spi_hld.o(.rev16_text), (4 bytes).
    Removing spi_hld.o(.revsh_text), (4 bytes).
    Removing delays.o(i.Delay_Cycles), (10 bytes).
    Removing delays.o(i.Delay_Short), (10 bytes).
    Removing delays.o(i.Delay_Single), (18 bytes).
    Removing ili9488_display.o(.rev16_text), (4 bytes).
    Removing ili9488_display.o(.revsh_text), (4 bytes).
    Removing ili9488_display.o(i.ClearScreen), (52 bytes).
    Removing ili9488_display.o(i.ILI9488_EnterSleep), (28 bytes).
    Removing ili9488_display.o(i.ILI9488_ExitSleep), (22 bytes).
    Removing touchpanel.o(.rev16_text), (4 bytes).
    Removing touchpanel.o(.revsh_text), (4 bytes).
    Removing multifunctionbus.o(.rev16_text), (4 bytes).
    Removing multifunctionbus.o(.revsh_text), (4 bytes).
    Removing multifunctionbus.o(i.MultiFunctionBus_Init), (108 bytes).
    Removing system_mk70f12.o(.rev16_text), (4 bytes).
    Removing system_mk70f12.o(.revsh_text), (4 bytes).
    Removing system_mk70f12.o(.data), (4 bytes).

20 unused section(s) (total 300 bytes) removed from the image.

==============================================================================

Image Symbol Table

    Local Symbols

    Symbol Name                              Value     Ov Type        Size  Object(Section)

    RESET                                    0x00000000   Section     1024  startup_mk70f12.o(RESET)
    ../clib/angel/boardlib.s                 0x00000000   Number         0  boardinit1.o ABSOLUTE
    ../clib/angel/boardlib.s                 0x00000000   Number         0  boardinit2.o ABSOLUTE
    ../clib/angel/boardlib.s                 0x00000000   Number         0  boardinit3.o ABSOLUTE
    ../clib/angel/boardlib.s                 0x00000000   Number         0  boardshut.o ABSOLUTE
    ../clib/angel/handlers.s                 0x00000000   Number         0  __scatter_zi.o ABSOLUTE
    ../clib/angel/handlers.s                 0x00000000   Number         0  __scatter_copy.o ABSOLUTE
    ../clib/angel/kernel.s                   0x00000000   Number         0  rtexit.o ABSOLUTE
    ../clib/angel/kernel.s                   0x00000000   Number         0  rtentry2.o ABSOLUTE
    ../clib/angel/kernel.s                   0x00000000   Number         0  rtexit2.o ABSOLUTE
    ../clib/angel/kernel.s                   0x00000000   Number         0  rtentry4.o ABSOLUTE
    ../clib/angel/kernel.s                   0x00000000   Number         0  rtentry.o ABSOLUTE
    ../clib/angel/rt.s                       0x00000000   Number         0  rt_raise.o ABSOLUTE
    ../clib/angel/scatter.s                  0x00000000   Number         0  __scatter.o ABSOLUTE
    ../clib/angel/startup.s                  0x00000000   Number         0  __main.o ABSOLUTE
    ../clib/angel/sys.s                      0x00000000   Number         0  use_no_semi.o ABSOLUTE
    ../clib/angel/sys.s                      0x00000000   Number         0  indicate_semi.o ABSOLUTE
    ../clib/angel/sys.s                      0x00000000   Number         0  sys_stackheap_outer.o ABSOLUTE
    ../clib/angel/sys.s                      0x00000000   Number         0  libspace.o ABSOLUTE
    ../clib/angel/sysapp.c                   0x00000000   Number         0  sys_exit.o ABSOLUTE
    ../clib/angel/sysapp.c                   0x00000000   Number         0  sys_command.o ABSOLUTE
    ../clib/angel/sysapp.c                   0x00000000   Number         0  sys_wrch.o ABSOLUTE
    ../clib/armsys.c                         0x00000000   Number         0  argv_veneer.o ABSOLUTE
    ../clib/armsys.c                         0x00000000   Number         0  argv_veneer.o ABSOLUTE
    ../clib/armsys.c                         0x00000000   Number         0  no_argv.o ABSOLUTE
    ../clib/armsys.c                         0x00000000   Number         0  _get_argv_nomalloc.o ABSOLUTE
    ../clib/heapalloc.c                      0x00000000   Number         0  hrguard.o ABSOLUTE
    ../clib/heapaux.c                        0x00000000   Number         0  heapauxi.o ABSOLUTE
    ../clib/libinit.s                        0x00000000   Number         0  libshutdown.o ABSOLUTE
    ../clib/libinit.s                        0x00000000   Number         0  libinit2.o ABSOLUTE
    ../clib/libinit.s                        0x00000000   Number         0  libshutdown2.o ABSOLUTE
    ../clib/libinit.s                        0x00000000   Number         0  libinit.o ABSOLUTE
    ../clib/signal.c                         0x00000000   Number         0  defsig_rtred_inner.o ABSOLUTE
    ../clib/signal.c                         0x00000000   Number         0  defsig_fpe_inner.o ABSOLUTE
    ../clib/signal.c                         0x00000000   Number         0  defsig_abrt_inner.o ABSOLUTE
    ../clib/signal.c                         0x00000000   Number         0  defsig_general.o ABSOLUTE
    ../clib/signal.c                         0x00000000   Number         0  __raise.o ABSOLUTE
    ../clib/signal.c                         0x00000000   Number         0  defsig_rtmem_inner.o ABSOLUTE
    ../clib/signal.c                         0x00000000   Number         0  defsig_rtmem_formal.o ABSOLUTE
    ../clib/signal.c                         0x00000000   Number         0  defsig_rtmem_outer.o ABSOLUTE
    ../clib/signal.c                         0x00000000   Number         0  defsig_exit.o ABSOLUTE
    ../clib/signal.c                         0x00000000   Number         0  defsig_other.o ABSOLUTE
    ../clib/signal.c                         0x00000000   Number         0  defsig_segv_inner.o ABSOLUTE
    ../clib/signal.c                         0x00000000   Number         0  defsig_cppl_inner.o ABSOLUTE
    ../clib/signal.c                         0x00000000   Number         0  defsig_pvfn_inner.o ABSOLUTE
    ../clib/signal.c                         0x00000000   Number         0  defsig_stak_inner.o ABSOLUTE
    ../clib/signal.s                         0x00000000   Number         0  defsig.o ABSOLUTE
    ../clib/stdlib.c                         0x00000000   Number         0  exit.o ABSOLUTE
    ../fplib/fpinit.s                        0x00000000   Number         0  fpinit.o ABSOLUTE
    Delays.c                                 0x00000000   Number         0  delays.o ABSOLUTE
    ILI9488_Display.c                        0x00000000   Number         0  ili9488_display.o ABSOLUTE
    ILI9488_Display.c                        0x00000000   Number         0  ili9488_display.o ABSOLUTE
    Images.c                                 0x00000000   Number         0  images.o ABSOLUTE
    MultiFunctionBus.c                       0x00000000   Number         0  multifunctionbus.o ABSOLUTE
    MultiFunctionBus.c                       0x00000000   Number         0  multifunctionbus.o ABSOLUTE
    RTE\Device\MK70FN1M0xxx12\startup_MK70F12.s 0x00000000   Number         0  startup_mk70f12.o ABSOLUTE
    RTE\Device\MK70FN1M0xxx12\system_MK70F12.c 0x00000000   Number         0  system_mk70f12.o ABSOLUTE
    RTE\\Device\\MK70FN1M0xxx12\\system_MK70F12.c 0x00000000   Number         0  system_mk70f12.o ABSOLUTE
    SPI_HLD.c                                0x00000000   Number         0  spi_hld.o ABSOLUTE
    SPI_HLD.c                                0x00000000   Number         0  spi_hld.o ABSOLUTE
    TouchPanel.c                             0x00000000   Number         0  touchpanel.o ABSOLUTE
    TouchPanel.c                             0x00000000   Number         0  touchpanel.o ABSOLUTE
    dc.s                                     0x00000000   Number         0  dc.o ABSOLUTE
    main_file.c                              0x00000000   Number         0  main_file.o ABSOLUTE
    main_file.c                              0x00000000   Number         0  main_file.o ABSOLUTE
    .ARM.__at_0x400                          0x00000400   Section       16  startup_mk70f12.o(.ARM.__at_0x400)
    !!!main                                  0x00000410   Section        8  __main.o(!!!main)
    !!!scatter                               0x00000418   Section       52  __scatter.o(!!!scatter)
    !!handler_copy                           0x0000044c   Section       26  __scatter_copy.o(!!handler_copy)
    !!handler_zi                             0x00000468   Section       28  __scatter_zi.o(!!handler_zi)
    .ARM.Collect$$libinit$$00000000          0x00000484   Section        2  libinit.o(.ARM.Collect$$libinit$$00000000)
    .ARM.Collect$$libinit$$00000001          0x00000486   Section        4  libinit2.o(.ARM.Collect$$libinit$$00000001)
    .ARM.Collect$$libinit$$00000008          0x0000048a   Section        0  libinit2.o(.ARM.Collect$$libinit$$00000008)
    .ARM.Collect$$libinit$$0000000A          0x0000048a   Section        0  libinit2.o(.ARM.Collect$$libinit$$0000000A)
    .ARM.Collect$$libinit$$0000000C          0x0000048a   Section        0  libinit2.o(.ARM.Collect$$libinit$$0000000C)
    .ARM.Collect$$libinit$$0000000F          0x0000048a   Section        0  libinit2.o(.ARM.Collect$$libinit$$0000000F)
    .ARM.Collect$$libinit$$00000011          0x0000048a   Section        0  libinit2.o(.ARM.Collect$$libinit$$00000011)
    .ARM.Collect$$libinit$$00000013          0x0000048a   Section        0  libinit2.o(.ARM.Collect$$libinit$$00000013)
    .ARM.Collect$$libinit$$00000015          0x0000048a   Section        0  libinit2.o(.ARM.Collect$$libinit$$00000015)
    .ARM.Collect$$libinit$$00000017          0x0000048a   Section        0  libinit2.o(.ARM.Collect$$libinit$$00000017)
    .ARM.Collect$$libinit$$00000019          0x0000048a   Section        0  libinit2.o(.ARM.Collect$$libinit$$00000019)
    .ARM.Collect$$libinit$$0000001B          0x0000048a   Section        0  libinit2.o(.ARM.Collect$$libinit$$0000001B)
    .ARM.Collect$$libinit$$0000001D          0x0000048a   Section        0  libinit2.o(.ARM.Collect$$libinit$$0000001D)
    .ARM.Collect$$libinit$$0000001F          0x0000048a   Section        0  libinit2.o(.ARM.Collect$$libinit$$0000001F)
    .ARM.Collect$$libinit$$00000021          0x0000048a   Section        0  libinit2.o(.ARM.Collect$$libinit$$00000021)
    .ARM.Collect$$libinit$$00000023          0x0000048a   Section        0  libinit2.o(.ARM.Collect$$libinit$$00000023)
    .ARM.Collect$$libinit$$0000002A          0x0000048a   Section        0  libinit2.o(.ARM.Collect$$libinit$$0000002A)
    .ARM.Collect$$libinit$$0000002C          0x0000048a   Section        0  libinit2.o(.ARM.Collect$$libinit$$0000002C)
    .ARM.Collect$$libinit$$0000002E          0x0000048a   Section        0  libinit2.o(.ARM.Collect$$libinit$$0000002E)
    .ARM.Collect$$libinit$$00000030          0x0000048a   Section        0  libinit2.o(.ARM.Collect$$libinit$$00000030)
    .ARM.Collect$$libinit$$00000031          0x0000048a   Section        2  libinit2.o(.ARM.Collect$$libinit$$00000031)
    .ARM.Collect$$libshutdown$$00000000      0x0000048c   Section        2  libshutdown.o(.ARM.Collect$$libshutdown$$00000000)
    .ARM.Collect$$libshutdown$$00000003      0x0000048e   Section        0  libshutdown2.o(.ARM.Collect$$libshutdown$$00000003)
    .ARM.Collect$$libshutdown$$00000006      0x0000048e   Section        0  libshutdown2.o(.ARM.Collect$$libshutdown$$00000006)
    .ARM.Collect$$libshutdown$$00000009      0x0000048e   Section        0  libshutdown2.o(.ARM.Collect$$libshutdown$$00000009)
    .ARM.Collect$$libshutdown$$0000000B      0x0000048e   Section        0  libshutdown2.o(.ARM.Collect$$libshutdown$$0000000B)
    .ARM.Collect$$libshutdown$$0000000E      0x0000048e   Section        0  libshutdown2.o(.ARM.Collect$$libshutdown$$0000000E)
    .ARM.Collect$$libshutdown$$0000000F      0x0000048e   Section        2  libshutdown2.o(.ARM.Collect$$libshutdown$$0000000F)
    .ARM.Collect$$rtentry$$00000000          0x00000490   Section        0  rtentry.o(.ARM.Collect$$rtentry$$00000000)
    .ARM.Collect$$rtentry$$00000002          0x00000490   Section        0  rtentry2.o(.ARM.Collect$$rtentry$$00000002)
    .ARM.Collect$$rtentry$$00000004          0x00000490   Section        6  rtentry4.o(.ARM.Collect$$rtentry$$00000004)
    .ARM.Collect$$rtentry$$00000009          0x00000496   Section        0  rtentry2.o(.ARM.Collect$$rtentry$$00000009)
    .ARM.Collect$$rtentry$$0000000A          0x00000496   Section        4  rtentry2.o(.ARM.Collect$$rtentry$$0000000A)
    .ARM.Collect$$rtentry$$0000000C          0x0000049a   Section        0  rtentry2.o(.ARM.Collect$$rtentry$$0000000C)
    .ARM.Collect$$rtentry$$0000000D          0x0000049a   Section        8  rtentry2.o(.ARM.Collect$$rtentry$$0000000D)
    .ARM.Collect$$rtexit$$00000000           0x000004a2   Section        2  rtexit.o(.ARM.Collect$$rtexit$$00000000)
    .ARM.Collect$$rtexit$$00000002           0x000004a4   Section        0  rtexit2.o(.ARM.Collect$$rtexit$$00000002)
    .ARM.Collect$$rtexit$$00000003           0x000004a4   Section        4  rtexit2.o(.ARM.Collect$$rtexit$$00000003)
    .ARM.Collect$$rtexit$$00000004           0x000004a8   Section        6  rtexit2.o(.ARM.Collect$$rtexit$$00000004)
    .text                                    0x000004b0   Section       60  startup_mk70f12.o(.text)
    $v0                                      0x000004b0   Number         0  startup_mk70f12.o(.text)
    .text                                    0x000004ec   Section        0  heapauxi.o(.text)
    .text                                    0x000004f2   Section       74  sys_stackheap_outer.o(.text)
    .text                                    0x0000053c   Section        0  exit.o(.text)
    .text                                    0x00000548   Section        8  libspace.o(.text)
    .text                                    0x00000550   Section        0  sys_exit.o(.text)
    .text                                    0x0000055c   Section        2  use_no_semi.o(.text)
    .text                                    0x0000055e   Section        0  indicate_semi.o(.text)
    i.Delay_ms                               0x0000055e   Section        0  delays.o(i.Delay_ms)
    i.DisableTouchInterrupt                  0x00000578   Section        0  touchpanel.o(i.DisableTouchInterrupt)
    i.EnableTouchInterrupt                   0x000005a8   Section        0  touchpanel.o(i.EnableTouchInterrupt)
    i.ILI9488_Init                           0x000005d8   Section        0  ili9488_display.o(i.ILI9488_Init)
    i.ILI9488_InitPeripherals                0x00000600   Section        0  ili9488_display.o(i.ILI9488_InitPeripherals)
    ILI9488_InitPeripherals                  0x00000601   Thumb Code   150  ili9488_display.o(i.ILI9488_InitPeripherals)
    i.ILI9488_SendInitSequence               0x000006bc   Section        0  ili9488_display.o(i.ILI9488_SendInitSequence)
    ILI9488_SendInitSequence                 0x000006bd   Thumb Code   436  ili9488_display.o(i.ILI9488_SendInitSequence)
    i.LCD_FULL                               0x00000878   Section        0  ili9488_display.o(i.LCD_FULL)
    i.LCD_SetPos                             0x000008dc   Section        0  ili9488_display.o(i.LCD_SetPos)
    i.NVIC_ClearPendingIRQ                   0x00000938   Section        0  touchpanel.o(i.NVIC_ClearPendingIRQ)
    NVIC_ClearPendingIRQ                     0x00000939   Thumb Code    18  touchpanel.o(i.NVIC_ClearPendingIRQ)
    i.PORTE_IRQHandler                       0x00000950   Section        0  touchpanel.o(i.PORTE_IRQHandler)
    i.SystemInit                             0x00000968   Section        0  system_mk70f12.o(i.SystemInit)
    i.TouchHandler                           0x00000aa4   Section        0  main_file.o(i.TouchHandler)
    i.TouchInterruptHandler                  0x00000ab0   Section        0  touchpanel.o(i.TouchInterruptHandler)
    i.TouchPanel_Init                        0x00000abc   Section        0  touchpanel.o(i.TouchPanel_Init)
    i.Write_Cmd                              0x00000b3c   Section        0  ili9488_display.o(i.Write_Cmd)
    Write_Cmd                                0x00000b3d   Thumb Code    54  ili9488_display.o(i.Write_Cmd)
    i.Write_Cmd_Data                         0x00000b7c   Section        0  ili9488_display.o(i.Write_Cmd_Data)
    Write_Cmd_Data                           0x00000b7d   Thumb Code    42  ili9488_display.o(i.Write_Cmd_Data)
    i.Write_Data                             0x00000bac   Section        0  ili9488_display.o(i.Write_Data)
    Write_Data                               0x00000bad   Thumb Code   132  ili9488_display.o(i.Write_Data)
    i.Write_Data_U16                         0x00000c40   Section        0  ili9488_display.o(i.Write_Data_U16)
    Write_Data_U16                           0x00000c41   Thumb Code    20  ili9488_display.o(i.Write_Data_U16)
    i.main                                   0x00000c54   Section        0  main_file.o(i.main)
    i.show_picture                           0x00000ce0   Section        0  ili9488_display.o(i.show_picture)
    x$fpl$fpinit                             0x00000e28   Section       10  fpinit.o(x$fpl$fpinit)
    $v0                                      0x00000e28   Number         0  fpinit.o(x$fpl$fpinit)
    .constdata                               0x00000e34   Section    76800  images.o(.constdata)
    .data                                    0x20000000   Section        5  main_file.o(.data)
    .data                                    0x20000008   Section        4  touchpanel.o(.data)
    touchCallBack                            0x20000008   Data           4  touchpanel.o(.data)
    .bss                                     0x2000000c   Section       96  libspace.o(.bss)
    HEAP                                     0x20000070   Section        0  startup_mk70f12.o(HEAP)
    STACK                                    0x20000070   Section     1024  startup_mk70f12.o(STACK)
    Heap_Mem                                 0x20000070   Data           0  startup_mk70f12.o(HEAP)
    Stack_Mem                                0x20000070   Data        1024  startup_mk70f12.o(STACK)
    __initial_sp                             0x20000470   Data           0  startup_mk70f12.o(STACK)

    Global Symbols

    Symbol Name                              Value     Ov Type        Size  Object(Section)

    BuildAttributes$$THM_ISAv4$E$P$D$K$B$S$7EM$VFPi3$EXTD16$VFPS$VFMA$PE$A:L22UL41UL21$X:L11$S22US41US21$IEEE1$IW$USESV6$~STKCKD$USESV7$~SHL$OSPACE$ROPI$EBA8$UX$STANDARDLIB$REQ8$PRES8$EABIv2 0x00000000   Number         0  anon$$obj.o ABSOLUTE
    __ARM_use_no_argv                        0x00000000   Number         0  main_file.o ABSOLUTE
    __Vectors                                0x00000000   Data           4  startup_mk70f12.o(RESET)
    __ARM_exceptions_init                     - Undefined Weak Reference
    __alloca_initialize                       - Undefined Weak Reference
    __cpp_initialize__aeabi_                  - Undefined Weak Reference
    __cxa_finalize                            - Undefined Weak Reference
    __rt_locale                               - Undefined Weak Reference
    __sigvec_lookup                           - Undefined Weak Reference
    _atexit_init                              - Undefined Weak Reference
    _call_atexit_fns                          - Undefined Weak Reference
    _clock_init                               - Undefined Weak Reference
    _fp_trap_init                             - Undefined Weak Reference
    _fp_trap_shutdown                         - Undefined Weak Reference
    _get_lc_collate                           - Undefined Weak Reference
    _get_lc_ctype                             - Undefined Weak Reference
    _get_lc_monetary                          - Undefined Weak Reference
    _get_lc_numeric                           - Undefined Weak Reference
    _get_lc_time                              - Undefined Weak Reference
    _getenv_init                              - Undefined Weak Reference
    _handle_redirection                       - Undefined Weak Reference
    _init_alloc                               - Undefined Weak Reference
    _init_user_alloc                          - Undefined Weak Reference
    _initio                                   - Undefined Weak Reference
    _rand_init                                - Undefined Weak Reference
    _signal_finish                            - Undefined Weak Reference
    _signal_init                              - Undefined Weak Reference
    _terminate_alloc                          - Undefined Weak Reference
    _terminate_user_alloc                     - Undefined Weak Reference
    _terminateio                              - Undefined Weak Reference
    __Vectors_End                            0x00000400   Data           0  startup_mk70f12.o(RESET)
    __Vectors_Size                           0x00000400   Number         0  startup_mk70f12.o ABSOLUTE
    __main                                   0x00000411   Thumb Code     8  __main.o(!!!main)
    __scatterload                            0x00000419   Thumb Code     0  __scatter.o(!!!scatter)
    __scatterload_rt2                        0x00000419   Thumb Code    44  __scatter.o(!!!scatter)
    __scatterload_rt2_thumb_only             0x00000419   Thumb Code     0  __scatter.o(!!!scatter)
    __scatterload_null                       0x00000427   Thumb Code     0  __scatter.o(!!!scatter)
    __scatterload_copy                       0x0000044d   Thumb Code    26  __scatter_copy.o(!!handler_copy)
    __scatterload_zeroinit                   0x00000469   Thumb Code    28  __scatter_zi.o(!!handler_zi)
    __rt_lib_init                            0x00000485   Thumb Code     0  libinit.o(.ARM.Collect$$libinit$$00000000)
    __rt_lib_init_fp_1                       0x00000487   Thumb Code     0  libinit2.o(.ARM.Collect$$libinit$$00000001)
    __rt_lib_init_alloca_1                   0x0000048b   Thumb Code     0  libinit2.o(.ARM.Collect$$libinit$$0000002C)
    __rt_lib_init_argv_1                     0x0000048b   Thumb Code     0  libinit2.o(.ARM.Collect$$libinit$$0000002A)
    __rt_lib_init_atexit_1                   0x0000048b   Thumb Code     0  libinit2.o(.ARM.Collect$$libinit$$00000019)
    __rt_lib_init_clock_1                    0x0000048b   Thumb Code     0  libinit2.o(.ARM.Collect$$libinit$$0000001F)
    __rt_lib_init_cpp_1                      0x0000048b   Thumb Code     0  libinit2.o(.ARM.Collect$$libinit$$00000030)
    __rt_lib_init_exceptions_1               0x0000048b   Thumb Code     0  libinit2.o(.ARM.Collect$$libinit$$0000002E)
    __rt_lib_init_fp_trap_1                  0x0000048b   Thumb Code     0  libinit2.o(.ARM.Collect$$libinit$$0000001D)
    __rt_lib_init_getenv_1                   0x0000048b   Thumb Code     0  libinit2.o(.ARM.Collect$$libinit$$00000021)
    __rt_lib_init_heap_1                     0x0000048b   Thumb Code     0  libinit2.o(.ARM.Collect$$libinit$$00000008)
    __rt_lib_init_lc_collate_1               0x0000048b   Thumb Code     0  libinit2.o(.ARM.Collect$$libinit$$0000000F)
    __rt_lib_init_lc_ctype_1                 0x0000048b   Thumb Code     0  libinit2.o(.ARM.Collect$$libinit$$00000011)
    __rt_lib_init_lc_monetary_1              0x0000048b   Thumb Code     0  libinit2.o(.ARM.Collect$$libinit$$00000013)
    __rt_lib_init_lc_numeric_1               0x0000048b   Thumb Code     0  libinit2.o(.ARM.Collect$$libinit$$00000015)
    __rt_lib_init_lc_time_1                  0x0000048b   Thumb Code     0  libinit2.o(.ARM.Collect$$libinit$$00000017)
    __rt_lib_init_rand_1                     0x0000048b   Thumb Code     0  libinit2.o(.ARM.Collect$$libinit$$0000000C)
    __rt_lib_init_return                     0x0000048b   Thumb Code     0  libinit2.o(.ARM.Collect$$libinit$$00000031)
    __rt_lib_init_signal_1                   0x0000048b   Thumb Code     0  libinit2.o(.ARM.Collect$$libinit$$0000001B)
    __rt_lib_init_stdio_1                    0x0000048b   Thumb Code     0  libinit2.o(.ARM.Collect$$libinit$$00000023)
    __rt_lib_init_user_alloc_1               0x0000048b   Thumb Code     0  libinit2.o(.ARM.Collect$$libinit$$0000000A)
    __rt_lib_shutdown                        0x0000048d   Thumb Code     0  libshutdown.o(.ARM.Collect$$libshutdown$$00000000)
    __rt_lib_shutdown_fp_trap_1              0x0000048f   Thumb Code     0  libshutdown2.o(.ARM.Collect$$libshutdown$$00000006)
    __rt_lib_shutdown_heap_1                 0x0000048f   Thumb Code     0  libshutdown2.o(.ARM.Collect$$libshutdown$$0000000E)
    __rt_lib_shutdown_return                 0x0000048f   Thumb Code     0  libshutdown2.o(.ARM.Collect$$libshutdown$$0000000F)
    __rt_lib_shutdown_signal_1               0x0000048f   Thumb Code     0  libshutdown2.o(.ARM.Collect$$libshutdown$$00000009)
    __rt_lib_shutdown_stdio_1                0x0000048f   Thumb Code     0  libshutdown2.o(.ARM.Collect$$libshutdown$$00000003)
    __rt_lib_shutdown_user_alloc_1           0x0000048f   Thumb Code     0  libshutdown2.o(.ARM.Collect$$libshutdown$$0000000B)
    __rt_entry                               0x00000491   Thumb Code     0  rtentry.o(.ARM.Collect$$rtentry$$00000000)
    __rt_entry_presh_1                       0x00000491   Thumb Code     0  rtentry2.o(.ARM.Collect$$rtentry$$00000002)
    __rt_entry_sh                            0x00000491   Thumb Code     0  rtentry4.o(.ARM.Collect$$rtentry$$00000004)
    __rt_entry_li                            0x00000497   Thumb Code     0  rtentry2.o(.ARM.Collect$$rtentry$$0000000A)
    __rt_entry_postsh_1                      0x00000497   Thumb Code     0  rtentry2.o(.ARM.Collect$$rtentry$$00000009)
    __rt_entry_main                          0x0000049b   Thumb Code     0  rtentry2.o(.ARM.Collect$$rtentry$$0000000D)
    __rt_entry_postli_1                      0x0000049b   Thumb Code     0  rtentry2.o(.ARM.Collect$$rtentry$$0000000C)
    __rt_exit                                0x000004a3   Thumb Code     0  rtexit.o(.ARM.Collect$$rtexit$$00000000)
    __rt_exit_ls                             0x000004a5   Thumb Code     0  rtexit2.o(.ARM.Collect$$rtexit$$00000003)
    __rt_exit_prels_1                        0x000004a5   Thumb Code     0  rtexit2.o(.ARM.Collect$$rtexit$$00000002)
    __rt_exit_exit                           0x000004a9   Thumb Code     0  rtexit2.o(.ARM.Collect$$rtexit$$00000004)
    Reset_Handler                            0x000004b1   Thumb Code     8  startup_mk70f12.o(.text)
    NMI_Handler                              0x000004b9   Thumb Code     2  startup_mk70f12.o(.text)
    HardFault_Handler                        0x000004bb   Thumb Code     2  startup_mk70f12.o(.text)
    MemManage_Handler                        0x000004bd   Thumb Code     2  startup_mk70f12.o(.text)
    BusFault_Handler                         0x000004bf   Thumb Code     2  startup_mk70f12.o(.text)
    UsageFault_Handler                       0x000004c1   Thumb Code     2  startup_mk70f12.o(.text)
    SVC_Handler                              0x000004c3   Thumb Code     2  startup_mk70f12.o(.text)
    DebugMon_Handler                         0x000004c5   Thumb Code     2  startup_mk70f12.o(.text)
    PendSV_Handler                           0x000004c7   Thumb Code     2  startup_mk70f12.o(.text)
    SysTick_Handler                          0x000004c9   Thumb Code     2  startup_mk70f12.o(.text)
    ADC0_IRQHandler                          0x000004cb   Thumb Code     0  startup_mk70f12.o(.text)
    ADC1_IRQHandler                          0x000004cb   Thumb Code     0  startup_mk70f12.o(.text)
    ADC2_IRQHandler                          0x000004cb   Thumb Code     0  startup_mk70f12.o(.text)
    ADC3_IRQHandler                          0x000004cb   Thumb Code     0  startup_mk70f12.o(.text)
    CAN0_Bus_Off_IRQHandler                  0x000004cb   Thumb Code     0  startup_mk70f12.o(.text)
    CAN0_Error_IRQHandler                    0x000004cb   Thumb Code     0  startup_mk70f12.o(.text)
    CAN0_ORed_Message_buffer_IRQHandler      0x000004cb   Thumb Code     0  startup_mk70f12.o(.text)
    CAN0_Rx_Warning_IRQHandler               0x000004cb   Thumb Code     0  startup_mk70f12.o(.text)
    CAN0_Tx_Warning_IRQHandler               0x000004cb   Thumb Code     0  startup_mk70f12.o(.text)
    CAN0_Wake_Up_IRQHandler                  0x000004cb   Thumb Code     0  startup_mk70f12.o(.text)
    CAN1_Bus_Off_IRQHandler                  0x000004cb   Thumb Code     0  startup_mk70f12.o(.text)
    CAN1_Error_IRQHandler                    0x000004cb   Thumb Code     0  startup_mk70f12.o(.text)
    CAN1_ORed_Message_buffer_IRQHandler      0x000004cb   Thumb Code     0  startup_mk70f12.o(.text)
    CAN1_Rx_Warning_IRQHandler               0x000004cb   Thumb Code     0  startup_mk70f12.o(.text)
    CAN1_Tx_Warning_IRQHandler               0x000004cb   Thumb Code     0  startup_mk70f12.o(.text)
    CAN1_Wake_Up_IRQHandler                  0x000004cb   Thumb Code     0  startup_mk70f12.o(.text)
    CMP0_IRQHandler                          0x000004cb   Thumb Code     0  startup_mk70f12.o(.text)
    CMP1_IRQHandler                          0x000004cb   Thumb Code     0  startup_mk70f12.o(.text)
    CMP2_IRQHandler                          0x000004cb   Thumb Code     0  startup_mk70f12.o(.text)
    CMP3_IRQHandler                          0x000004cb   Thumb Code     0  startup_mk70f12.o(.text)
    CMT_IRQHandler                           0x000004cb   Thumb Code     0  startup_mk70f12.o(.text)
    DAC0_IRQHandler                          0x000004cb   Thumb Code     0  startup_mk70f12.o(.text)
    DAC1_IRQHandler                          0x000004cb   Thumb Code     0  startup_mk70f12.o(.text)
    DDR_IRQHandler                           0x000004cb   Thumb Code     0  startup_mk70f12.o(.text)
    DMA0_DMA16_IRQHandler                    0x000004cb   Thumb Code     0  startup_mk70f12.o(.text)
    DMA10_DMA26_IRQHandler                   0x000004cb   Thumb Code     0  startup_mk70f12.o(.text)
    DMA11_DMA27_IRQHandler                   0x000004cb   Thumb Code     0  startup_mk70f12.o(.text)
    DMA12_DMA28_IRQHandler                   0x000004cb   Thumb Code     0  startup_mk70f12.o(.text)
    DMA13_DMA29_IRQHandler                   0x000004cb   Thumb Code     0  startup_mk70f12.o(.text)
    DMA14_DMA30_IRQHandler                   0x000004cb   Thumb Code     0  startup_mk70f12.o(.text)
    DMA15_DMA31_IRQHandler                   0x000004cb   Thumb Code     0  startup_mk70f12.o(.text)
    DMA1_DMA17_IRQHandler                    0x000004cb   Thumb Code     0  startup_mk70f12.o(.text)
    DMA2_DMA18_IRQHandler                    0x000004cb   Thumb Code     0  startup_mk70f12.o(.text)
    DMA3_DMA19_IRQHandler                    0x000004cb   Thumb Code     0  startup_mk70f12.o(.text)
    DMA4_DMA20_IRQHandler                    0x000004cb   Thumb Code     0  startup_mk70f12.o(.text)
    DMA5_DMA21_IRQHandler                    0x000004cb   Thumb Code     0  startup_mk70f12.o(.text)
    DMA6_DMA22_IRQHandler                    0x000004cb   Thumb Code     0  startup_mk70f12.o(.text)
    DMA7_DMA23_IRQHandler                    0x000004cb   Thumb Code     0  startup_mk70f12.o(.text)
    DMA8_DMA24_IRQHandler                    0x000004cb   Thumb Code     0  startup_mk70f12.o(.text)
    DMA9_DMA25_IRQHandler                    0x000004cb   Thumb Code     0  startup_mk70f12.o(.text)
    DMA_Error_IRQHandler                     0x000004cb   Thumb Code     0  startup_mk70f12.o(.text)
    DefaultISR                               0x000004cb   Thumb Code     0  startup_mk70f12.o(.text)
    ENET_1588_Timer_IRQHandler               0x000004cb   Thumb Code     0  startup_mk70f12.o(.text)
    ENET_Error_IRQHandler                    0x000004cb   Thumb Code     0  startup_mk70f12.o(.text)
    ENET_Receive_IRQHandler                  0x000004cb   Thumb Code     0  startup_mk70f12.o(.text)
    ENET_Transmit_IRQHandler                 0x000004cb   Thumb Code     0  startup_mk70f12.o(.text)
    FTFE_IRQHandler                          0x000004cb   Thumb Code     0  startup_mk70f12.o(.text)
    FTM0_IRQHandler                          0x000004cb   Thumb Code     0  startup_mk70f12.o(.text)
    FTM1_IRQHandler                          0x000004cb   Thumb Code     0  startup_mk70f12.o(.text)
    FTM2_IRQHandler                          0x000004cb   Thumb Code     0  startup_mk70f12.o(.text)
    FTM3_IRQHandler                          0x000004cb   Thumb Code     0  startup_mk70f12.o(.text)
    I2C0_IRQHandler                          0x000004cb   Thumb Code     0  startup_mk70f12.o(.text)
    I2C1_IRQHandler                          0x000004cb   Thumb Code     0  startup_mk70f12.o(.text)
    I2S0_Rx_IRQHandler                       0x000004cb   Thumb Code     0  startup_mk70f12.o(.text)
    I2S0_Tx_IRQHandler                       0x000004cb   Thumb Code     0  startup_mk70f12.o(.text)
    I2S1_Rx_IRQHandler                       0x000004cb   Thumb Code     0  startup_mk70f12.o(.text)
    I2S1_Tx_IRQHandler                       0x000004cb   Thumb Code     0  startup_mk70f12.o(.text)
    LCD_IRQHandler                           0x000004cb   Thumb Code     0  startup_mk70f12.o(.text)
    LLW_IRQHandler                           0x000004cb   Thumb Code     0  startup_mk70f12.o(.text)
    LPTimer_IRQHandler                       0x000004cb   Thumb Code     0  startup_mk70f12.o(.text)
    LVD_LVW_IRQHandler                       0x000004cb   Thumb Code     0  startup_mk70f12.o(.text)
    MCG_IRQHandler                           0x000004cb   Thumb Code     0  startup_mk70f12.o(.text)
    MCM_IRQHandler                           0x000004cb   Thumb Code     0  startup_mk70f12.o(.text)
    NFC_IRQHandler                           0x000004cb   Thumb Code     0  startup_mk70f12.o(.text)
    PDB0_IRQHandler                          0x000004cb   Thumb Code     0  startup_mk70f12.o(.text)
    PIT0_IRQHandler                          0x000004cb   Thumb Code     0  startup_mk70f12.o(.text)
    PIT1_IRQHandler                          0x000004cb   Thumb Code     0  startup_mk70f12.o(.text)
    PIT2_IRQHandler                          0x000004cb   Thumb Code     0  startup_mk70f12.o(.text)
    PIT3_IRQHandler                          0x000004cb   Thumb Code     0  startup_mk70f12.o(.text)
    PORTA_IRQHandler                         0x000004cb   Thumb Code     0  startup_mk70f12.o(.text)
    PORTB_IRQHandler                         0x000004cb   Thumb Code     0  startup_mk70f12.o(.text)
    PORTC_IRQHandler                         0x000004cb   Thumb Code     0  startup_mk70f12.o(.text)
    PORTD_IRQHandler                         0x000004cb   Thumb Code     0  startup_mk70f12.o(.text)
    PORTF_IRQHandler                         0x000004cb   Thumb Code     0  startup_mk70f12.o(.text)
    RNG_IRQHandler                           0x000004cb   Thumb Code     0  startup_mk70f12.o(.text)
    RTC_IRQHandler                           0x000004cb   Thumb Code     0  startup_mk70f12.o(.text)
    RTC_Seconds_IRQHandler                   0x000004cb   Thumb Code     0  startup_mk70f12.o(.text)
    Read_Collision_IRQHandler                0x000004cb   Thumb Code     0  startup_mk70f12.o(.text)
    Reserved102_IRQHandler                   0x000004cb   Thumb Code     0  startup_mk70f12.o(.text)
    Reserved115_IRQHandler                   0x000004cb   Thumb Code     0  startup_mk70f12.o(.text)
    Reserved116_IRQHandler                   0x000004cb   Thumb Code     0  startup_mk70f12.o(.text)
    Reserved59_IRQHandler                    0x000004cb   Thumb Code     0  startup_mk70f12.o(.text)
    Reserved95_IRQHandler                    0x000004cb   Thumb Code     0  startup_mk70f12.o(.text)
    SDHC_IRQHandler                          0x000004cb   Thumb Code     0  startup_mk70f12.o(.text)
    SPI0_IRQHandler                          0x000004cb   Thumb Code     0  startup_mk70f12.o(.text)
    SPI1_IRQHandler                          0x000004cb   Thumb Code     0  startup_mk70f12.o(.text)
    SPI2_IRQHandler                          0x000004cb   Thumb Code     0  startup_mk70f12.o(.text)
    SWI_IRQHandler                           0x000004cb   Thumb Code     0  startup_mk70f12.o(.text)
    TSI0_IRQHandler                          0x000004cb   Thumb Code     0  startup_mk70f12.o(.text)
    UART0_ERR_IRQHandler                     0x000004cb   Thumb Code     0  startup_mk70f12.o(.text)
    UART0_LON_IRQHandler                     0x000004cb   Thumb Code     0  startup_mk70f12.o(.text)
    UART0_RX_TX_IRQHandler                   0x000004cb   Thumb Code     0  startup_mk70f12.o(.text)
    UART1_ERR_IRQHandler                     0x000004cb   Thumb Code     0  startup_mk70f12.o(.text)
    UART1_RX_TX_IRQHandler                   0x000004cb   Thumb Code     0  startup_mk70f12.o(.text)
    UART2_ERR_IRQHandler                     0x000004cb   Thumb Code     0  startup_mk70f12.o(.text)
    UART2_RX_TX_IRQHandler                   0x000004cb   Thumb Code     0  startup_mk70f12.o(.text)
    UART3_ERR_IRQHandler                     0x000004cb   Thumb Code     0  startup_mk70f12.o(.text)
    UART3_RX_TX_IRQHandler                   0x000004cb   Thumb Code     0  startup_mk70f12.o(.text)
    UART4_ERR_IRQHandler                     0x000004cb   Thumb Code     0  startup_mk70f12.o(.text)
    UART4_RX_TX_IRQHandler                   0x000004cb   Thumb Code     0  startup_mk70f12.o(.text)
    UART5_ERR_IRQHandler                     0x000004cb   Thumb Code     0  startup_mk70f12.o(.text)
    UART5_RX_TX_IRQHandler                   0x000004cb   Thumb Code     0  startup_mk70f12.o(.text)
    USB0_IRQHandler                          0x000004cb   Thumb Code     0  startup_mk70f12.o(.text)
    USBDCD_IRQHandler                        0x000004cb   Thumb Code     0  startup_mk70f12.o(.text)
    USBHS_IRQHandler                         0x000004cb   Thumb Code     0  startup_mk70f12.o(.text)
    Watchdog_IRQHandler                      0x000004cb   Thumb Code     0  startup_mk70f12.o(.text)
    __user_initial_stackheap                 0x000004cd   Thumb Code     0  startup_mk70f12.o(.text)
    __use_two_region_memory                  0x000004ed   Thumb Code     2  heapauxi.o(.text)
    __rt_heap_escrow$2region                 0x000004ef   Thumb Code     2  heapauxi.o(.text)
    __rt_heap_expand$2region                 0x000004f1   Thumb Code     2  heapauxi.o(.text)
    __user_setup_stackheap                   0x000004f3   Thumb Code    74  sys_stackheap_outer.o(.text)
    exit                                     0x0000053d   Thumb Code    12  exit.o(.text)
    __user_libspace                          0x00000549   Thumb Code     8  libspace.o(.text)
    __user_perproc_libspace                  0x00000549   Thumb Code     0  libspace.o(.text)
    __user_perthread_libspace                0x00000549   Thumb Code     0  libspace.o(.text)
    _sys_exit                                0x00000551   Thumb Code     8  sys_exit.o(.text)
    __I$use$semihosting                      0x0000055d   Thumb Code     0  use_no_semi.o(.text)
    __use_no_semihosting_swi                 0x0000055d   Thumb Code     2  use_no_semi.o(.text)
    Delay_ms                                 0x0000055f   Thumb Code    26  delays.o(i.Delay_ms)
    __semihosting_library_function           0x0000055f   Thumb Code     0  indicate_semi.o(.text)
    DisableTouchInterrupt                    0x00000579   Thumb Code    38  touchpanel.o(i.DisableTouchInterrupt)
    EnableTouchInterrupt                     0x000005a9   Thumb Code    42  touchpanel.o(i.EnableTouchInterrupt)
    ILI9488_Init                             0x000005d9   Thumb Code    34  ili9488_display.o(i.ILI9488_Init)
    LCD_FULL                                 0x00000879   Thumb Code   100  ili9488_display.o(i.LCD_FULL)
    LCD_SetPos                               0x000008dd   Thumb Code    90  ili9488_display.o(i.LCD_SetPos)
    PORTE_IRQHandler                         0x00000951   Thumb Code    20  touchpanel.o(i.PORTE_IRQHandler)
    SystemInit                               0x00000969   Thumb Code   266  system_mk70f12.o(i.SystemInit)
    TouchHandler                             0x00000aa5   Thumb Code     8  main_file.o(i.TouchHandler)
    TouchInterruptHandler                    0x00000ab1   Thumb Code     6  touchpanel.o(i.TouchInterruptHandler)
    TouchPanel_Init                          0x00000abd   Thumb Code   100  touchpanel.o(i.TouchPanel_Init)
    main                                     0x00000c55   Thumb Code   126  main_file.o(i.main)
    show_picture                             0x00000ce1   Thumb Code   324  ili9488_display.o(i.show_picture)
    _fp_init                                 0x00000e29   Thumb Code    10  fpinit.o(x$fpl$fpinit)
    __fplib_config_fpu_vfp                   0x00000e31   Thumb Code     0  fpinit.o(x$fpl$fpinit)
    __fplib_config_pureend_doubles           0x00000e31   Thumb Code     0  fpinit.o(x$fpl$fpinit)
    pic                                      0x00000e34   Data       76800  images.o(.constdata)
    Region$$Table$$Base                      0x00013a34   Number         0  anon$$obj.o(Region$$Table)
    Region$$Table$$Limit                     0x00013a54   Number         0  anon$$obj.o(Region$$Table)
    i                                        0x20000000   Data           4  main_file.o(.data)
    update                                   0x20000004   Data           1  main_file.o(.data)
    __libspace_start                         0x2000000c   Data          96  libspace.o(.bss)
    __temporary_stack_top$libspace           0x2000006c   Data           0  libspace.o(.bss)



==============================================================================

Memory Map of the image

  Image Entry point : 0x00000411

  Load Region LR_IROM1 (Base: 0x00000000, Size: 0x00013a60, Max: 0x00100000, ABSOLUTE)

    Execution Region ER_IROM1 (Base: 0x00000000, Size: 0x00013a54, Max: 0x00100000, ABSOLUTE)

    Base Addr    Size         Type   Attr      Idx    E Section Name        Object

    0x00000000   0x00000400   Data   RO          287    RESET               startup_mk70f12.o
    0x00000400   0x00000010   Code   RO          288    .ARM.__at_0x400     startup_mk70f12.o
    0x00000410   0x00000008   Code   RO          325  * !!!main             c_w.l(__main.o)
    0x00000418   0x00000034   Code   RO          479    !!!scatter          c_w.l(__scatter.o)
    0x0000044c   0x0000001a   Code   RO          481    !!handler_copy      c_w.l(__scatter_copy.o)
    0x00000466   0x00000002   PAD
    0x00000468   0x0000001c   Code   RO          483    !!handler_zi        c_w.l(__scatter_zi.o)
    0x00000484   0x00000002   Code   RO          352    .ARM.Collect$$libinit$$00000000  c_w.l(libinit.o)
    0x00000486   0x00000004   Code   RO          358    .ARM.Collect$$libinit$$00000001  c_w.l(libinit2.o)
    0x0000048a   0x00000000   Code   RO          362    .ARM.Collect$$libinit$$00000008  c_w.l(libinit2.o)
    0x0000048a   0x00000000   Code   RO          364    .ARM.Collect$$libinit$$0000000A  c_w.l(libinit2.o)
    0x0000048a   0x00000000   Code   RO          366    .ARM.Collect$$libinit$$0000000C  c_w.l(libinit2.o)
    0x0000048a   0x00000000   Code   RO          369    .ARM.Collect$$libinit$$0000000F  c_w.l(libinit2.o)
    0x0000048a   0x00000000   Code   RO          371    .ARM.Collect$$libinit$$00000011  c_w.l(libinit2.o)
    0x0000048a   0x00000000   Code   RO          373    .ARM.Collect$$libinit$$00000013  c_w.l(libinit2.o)
    0x0000048a   0x00000000   Code   RO          375    .ARM.Collect$$libinit$$00000015  c_w.l(libinit2.o)
    0x0000048a   0x00000000   Code   RO          377    .ARM.Collect$$libinit$$00000017  c_w.l(libinit2.o)
    0x0000048a   0x00000000   Code   RO          379    .ARM.Collect$$libinit$$00000019  c_w.l(libinit2.o)
    0x0000048a   0x00000000   Code   RO          381    .ARM.Collect$$libinit$$0000001B  c_w.l(libinit2.o)
    0x0000048a   0x00000000   Code   RO          383    .ARM.Collect$$libinit$$0000001D  c_w.l(libinit2.o)
    0x0000048a   0x00000000   Code   RO          385    .ARM.Collect$$libinit$$0000001F  c_w.l(libinit2.o)
    0x0000048a   0x00000000   Code   RO          387    .ARM.Collect$$libinit$$00000021  c_w.l(libinit2.o)
    0x0000048a   0x00000000   Code   RO          389    .ARM.Collect$$libinit$$00000023  c_w.l(libinit2.o)
    0x0000048a   0x00000000   Code   RO          393    .ARM.Collect$$libinit$$0000002A  c_w.l(libinit2.o)
    0x0000048a   0x00000000   Code   RO          395    .ARM.Collect$$libinit$$0000002C  c_w.l(libinit2.o)
    0x0000048a   0x00000000   Code   RO          397    .ARM.Collect$$libinit$$0000002E  c_w.l(libinit2.o)
    0x0000048a   0x00000000   Code   RO          399    .ARM.Collect$$libinit$$00000030  c_w.l(libinit2.o)
    0x0000048a   0x00000002   Code   RO          400    .ARM.Collect$$libinit$$00000031  c_w.l(libinit2.o)
    0x0000048c   0x00000002   Code   RO          420    .ARM.Collect$$libshutdown$$00000000  c_w.l(libshutdown.o)
    0x0000048e   0x00000000   Code   RO          434    .ARM.Collect$$libshutdown$$00000003  c_w.l(libshutdown2.o)
    0x0000048e   0x00000000   Code   RO          437    .ARM.Collect$$libshutdown$$00000006  c_w.l(libshutdown2.o)
    0x0000048e   0x00000000   Code   RO          440    .ARM.Collect$$libshutdown$$00000009  c_w.l(libshutdown2.o)
    0x0000048e   0x00000000   Code   RO          442    .ARM.Collect$$libshutdown$$0000000B  c_w.l(libshutdown2.o)
    0x0000048e   0x00000000   Code   RO          445    .ARM.Collect$$libshutdown$$0000000E  c_w.l(libshutdown2.o)
    0x0000048e   0x00000002   Code   RO          446    .ARM.Collect$$libshutdown$$0000000F  c_w.l(libshutdown2.o)
    0x00000490   0x00000000   Code   RO          327    .ARM.Collect$$rtentry$$00000000  c_w.l(rtentry.o)
    0x00000490   0x00000000   Code   RO          329    .ARM.Collect$$rtentry$$00000002  c_w.l(rtentry2.o)
    0x00000490   0x00000006   Code   RO          341    .ARM.Collect$$rtentry$$00000004  c_w.l(rtentry4.o)
    0x00000496   0x00000000   Code   RO          331    .ARM.Collect$$rtentry$$00000009  c_w.l(rtentry2.o)
    0x00000496   0x00000004   Code   RO          332    .ARM.Collect$$rtentry$$0000000A  c_w.l(rtentry2.o)
    0x0000049a   0x00000000   Code   RO          334    .ARM.Collect$$rtentry$$0000000C  c_w.l(rtentry2.o)
    0x0000049a   0x00000008   Code   RO          335    .ARM.Collect$$rtentry$$0000000D  c_w.l(rtentry2.o)
    0x000004a2   0x00000002   Code   RO          356    .ARM.Collect$$rtexit$$00000000  c_w.l(rtexit.o)
    0x000004a4   0x00000000   Code   RO          402    .ARM.Collect$$rtexit$$00000002  c_w.l(rtexit2.o)
    0x000004a4   0x00000004   Code   RO          403    .ARM.Collect$$rtexit$$00000003  c_w.l(rtexit2.o)
    0x000004a8   0x00000006   Code   RO          404    .ARM.Collect$$rtexit$$00000004  c_w.l(rtexit2.o)
    0x000004ae   0x00000002   PAD
    0x000004b0   0x0000003c   Code   RO          289    .text               startup_mk70f12.o
    0x000004ec   0x00000006   Code   RO          323    .text               c_w.l(heapauxi.o)
    0x000004f2   0x0000004a   Code   RO          343    .text               c_w.l(sys_stackheap_outer.o)
    0x0000053c   0x0000000c   Code   RO          345    .text               c_w.l(exit.o)
    0x00000548   0x00000008   Code   RO          353    .text               c_w.l(libspace.o)
    0x00000550   0x0000000c   Code   RO          412    .text               c_w.l(sys_exit.o)
    0x0000055c   0x00000002   Code   RO          423    .text               c_w.l(use_no_semi.o)
    0x0000055e   0x00000000   Code   RO          425    .text               c_w.l(indicate_semi.o)
    0x0000055e   0x0000001a   Code   RO           73    i.Delay_ms          delays.o
    0x00000578   0x00000030   Code   RO          196    i.DisableTouchInterrupt  touchpanel.o
    0x000005a8   0x00000030   Code   RO          197    i.EnableTouchInterrupt  touchpanel.o
    0x000005d8   0x00000028   Code   RO          105    i.ILI9488_Init      ili9488_display.o
    0x00000600   0x000000bc   Code   RO          106    i.ILI9488_InitPeripherals  ili9488_display.o
    0x000006bc   0x000001bc   Code   RO          107    i.ILI9488_SendInitSequence  ili9488_display.o
    0x00000878   0x00000064   Code   RO          108    i.LCD_FULL          ili9488_display.o
    0x000008dc   0x0000005a   Code   RO          109    i.LCD_SetPos        ili9488_display.o
    0x00000936   0x00000002   PAD
    0x00000938   0x00000018   Code   RO          198    i.NVIC_ClearPendingIRQ  touchpanel.o
    0x00000950   0x00000018   Code   RO          199    i.PORTE_IRQHandler  touchpanel.o
    0x00000968   0x0000013c   Code   RO          297    i.SystemInit        system_mk70f12.o
    0x00000aa4   0x0000000c   Code   RO            3    i.TouchHandler      main_file.o
    0x00000ab0   0x0000000c   Code   RO          200    i.TouchInterruptHandler  touchpanel.o
    0x00000abc   0x00000080   Code   RO          201    i.TouchPanel_Init   touchpanel.o
    0x00000b3c   0x00000040   Code   RO          110    i.Write_Cmd         ili9488_display.o
    0x00000b7c   0x00000030   Code   RO          111    i.Write_Cmd_Data    ili9488_display.o
    0x00000bac   0x00000094   Code   RO          112    i.Write_Data        ili9488_display.o
    0x00000c40   0x00000014   Code   RO          113    i.Write_Data_U16    ili9488_display.o
    0x00000c54   0x0000008c   Code   RO            4    i.main              main_file.o
    0x00000ce0   0x00000148   Code   RO          114    i.show_picture      ili9488_display.o
    0x00000e28   0x0000000a   Code   RO          410    x$fpl$fpinit        fz_wm.l(fpinit.o)
    0x00000e32   0x00000002   PAD
    0x00000e34   0x00012c00   Data   RO          278    .constdata          images.o
    0x00013a34   0x00000020   Data   RO          477    Region$$Table       anon$$obj.o


    Execution Region RW_IRAM1 (Base: 0x20000000, Size: 0x00000470, Max: 0x00010000, ABSOLUTE)

    Base Addr    Size         Type   Attr      Idx    E Section Name        Object

    0x20000000   0x00000005   Data   RW            5    .data               main_file.o
    0x20000005   0x00000003   PAD
    0x20000008   0x00000004   Data   RW          202    .data               touchpanel.o
    0x2000000c   0x00000060   Zero   RW          354    .bss                c_w.l(libspace.o)
    0x2000006c   0x00000004   PAD
    0x20000070   0x00000000   Zero   RW          286    HEAP                startup_mk70f12.o
    0x20000070   0x00000400   Zero   RW          285    STACK               startup_mk70f12.o


==============================================================================

Image component sizes


      Code (inc. data)   RO Data    RW Data    ZI Data      Debug   Object Name

        26          0          0          0          0        543   delays.o
      1470         88          0          0          0       6958   ili9488_display.o
         0          0      76800          0          0        430   images.o
       152         18          0          5          0     344317   main_file.o
        76         38       1024          0       1024       1148   startup_mk70f12.o
       316         50          0          0          0        673   system_mk70f12.o
       284         60          0          4          0      29051   touchpanel.o

    ----------------------------------------------------------------------
      2326        254      77856         12       1024     383120   Object Totals
         0          0         32          0          0          0   (incl. Generated)
         2          0          0          3          0          0   (incl. Padding)

    ----------------------------------------------------------------------

      Code (inc. data)   RO Data    RW Data    ZI Data      Debug   Library Member Name

         8          0          0          0          0         68   __main.o
        52          8          0          0          0          0   __scatter.o
        26          0          0          0          0          0   __scatter_copy.o
        28          0          0          0          0          0   __scatter_zi.o
        12          0          0          0          0         72   exit.o
         6          0          0          0          0        152   heapauxi.o
         0          0          0          0          0          0   indicate_semi.o
         2          0          0          0          0          0   libinit.o
         6          0          0          0          0          0   libinit2.o
         2          0          0          0          0          0   libshutdown.o
         2          0          0          0          0          0   libshutdown2.o
         8          4          0          0         96         68   libspace.o
         0          0          0          0          0          0   rtentry.o
        12          0          0          0          0          0   rtentry2.o
         6          0          0          0          0          0   rtentry4.o
         2          0          0          0          0          0   rtexit.o
        10          0          0          0          0          0   rtexit2.o
        12          4          0          0          0         68   sys_exit.o
        74          0          0          0          0         80   sys_stackheap_outer.o
         2          0          0          0          0         68   use_no_semi.o
        10          0          0          0          0        116   fpinit.o

    ----------------------------------------------------------------------
       286         16          0          0        100        692   Library Totals
         6          0          0          0          4          0   (incl. Padding)

    ----------------------------------------------------------------------

      Code (inc. data)   RO Data    RW Data    ZI Data      Debug   Library Name

       270         16          0          0         96        576   c_w.l
        10          0          0          0          0        116   fz_wm.l

    ----------------------------------------------------------------------
       286         16          0          0        100        692   Library Totals

    ----------------------------------------------------------------------

==============================================================================


      Code (inc. data)   RO Data    RW Data    ZI Data      Debug   

      2612        270      77856         12       1124     381956   Grand Totals
      2612        270      77856         12       1124     381956   ELF Image Totals
      2612        270      77856         12          0          0   ROM Totals

==============================================================================

    Total RO  Size (Code + RO Data)                80468 (  78.58kB)
    Total RW  Size (RW Data + ZI Data)              1136 (   1.11kB)
    Total ROM Size (Code + RO Data + RW Data)      80480 (  78.59kB)

==============================================================================

