Product: MDK-ARM Professional 5.10
Component: ARM Compiler 5.04 update 1 (build 49)
Tool: armlink [5040049]

==============================================================================

Section Cross References

    main_file.o(i.main) refers to lcdlatchinghandler.o(i.LCDLatchingHandler_Init) for LCDLatchingHandler_Init
    main_file.o(i.main) refers to ili9488_display.o(i.ILI9488_Init) for ILI9488_Init
    main_file.o(i.main) refers to multifunctionbus.o(i.MultiFunctionBus_Init) for MultiFunctionBus_Init
    main_file.o(i.main) refers to touchpanel.o(i.TouchPanel_Init) for TouchPanel_Init
    main_file.o(i.main) refers to sdcard.o(i.SDCard_Init) for SDCard_Init
    main_file.o(i.main) refers to fontchip.o(i.FontChip_Init) for FontChip_Init
    main_file.o(i.main) refers to tft_flash.o(i.TFTFlash_Init) for TFTFlash_Init
    main_file.o(i.main) refers to touchpanel.o(i.AssignTouchInterruptHandler) for AssignTouchInterruptHandler
    main_file.o(i.main) refers to lcdlatchinghandler.o(i.LCDLatchingHandler_BeforeDisplay) for LCDLatchingHandler_BeforeDisplay
    main_file.o(i.main) refers to touchpanel.o(i.EnableTouchInterrupt) for EnableTouchInterrupt
    main_file.o(i.main) refers to touchpanel.o(i.CalibrateTouch) for CalibrateTouch
    main_file.o(i.main) refers to lcdlatchinghandler.o(i.LCDLactchingHandler_AfterDisplay) for LCDLactchingHandler_AfterDisplay
    main_file.o(i.main) refers to touchpanel.o(i.TouchPanel_Poll) for TouchPanel_Poll
    main_file.o(i.main) refers to main_file.o(i.TouchHandler) for TouchHandler
    spi_hld.o(i.SPI_GetRegVal) refers to spi_hld.o(i.ReceiveData) for ReceiveData
    spi_hld.o(i.SPI_GetRegVal) refers to delays.o(i.Delay_Cycles) for Delay_Cycles
    lptimer_ldd.o(i.LPTimer_IRQHandler) refers to lptimer_ldd.o(.data) for callbackPtr
    lptimer_ldd.o(i.LPTimer_SetCallBack) refers to lptimer_ldd.o(.data) for callbackPtr
    delays.o(i.Delay_Short) refers to delays.o(i.Delay_Cycles) for Delay_Cycles
    delays.o(i.Delay_Single) refers to delays.o(i.Delay_Cycles) for Delay_Cycles
    ili9488_display.o(i.ClearScreen) refers to ili9488_display.o(i.LCD_SetPos) for LCD_SetPos
    ili9488_display.o(i.ClearScreen) refers to ili9488_display.o(i.Write_Data_U16) for Write_Data_U16
    ili9488_display.o(i.ILI9488_EnterSleep) refers to ili9488_display.o(i.Write_Cmd) for Write_Cmd
    ili9488_display.o(i.ILI9488_EnterSleep) refers to delays.o(i.Delay_ms) for Delay_ms
    ili9488_display.o(i.ILI9488_ExitSleep) refers to ili9488_display.o(i.Write_Cmd) for Write_Cmd
    ili9488_display.o(i.ILI9488_ExitSleep) refers to delays.o(i.Delay_ms) for Delay_ms
    ili9488_display.o(i.ILI9488_Init) refers to ili9488_display.o(i.ILI9488_InitPeripherals) for ILI9488_InitPeripherals
    ili9488_display.o(i.ILI9488_Init) refers to ili9488_display.o(i.ILI9488_SendInitSequence) for ILI9488_SendInitSequence
    ili9488_display.o(i.ILI9488_SendInitSequence) refers to delays.o(i.Delay_ms) for Delay_ms
    ili9488_display.o(i.ILI9488_SendInitSequence) refers to ili9488_display.o(i.Write_Cmd) for Write_Cmd
    ili9488_display.o(i.ILI9488_SendInitSequence) refers to ili9488_display.o(i.Write_Cmd_Data) for Write_Cmd_Data
    ili9488_display.o(i.ILI9488_SendInitSequence) refers to ili9488_display.o(i.ILI9488_ExitSleep) for ILI9488_ExitSleep
    ili9488_display.o(i.LCD_FULL) refers to ili9488_display.o(i.LCD_SetPos) for LCD_SetPos
    ili9488_display.o(i.LCD_FULL) refers to ili9488_display.o(i.Write_Data_U16) for Write_Data_U16
    ili9488_display.o(i.LCD_SetPos) refers to ili9488_display.o(i.Write_Cmd) for Write_Cmd
    ili9488_display.o(i.LCD_SetPos) refers to ili9488_display.o(i.Write_Cmd_Data) for Write_Cmd_Data
    ili9488_display.o(i.ShowFilledSquare) refers to ili9488_display.o(i.LCD_SetPos) for LCD_SetPos
    ili9488_display.o(i.ShowFilledSquare) refers to ili9488_display.o(i.Write_Data) for Write_Data
    ili9488_display.o(i.ShowSingleChar) refers to ili9488_display.o(i.LCD_SetPos) for LCD_SetPos
    ili9488_display.o(i.ShowSingleChar) refers to ili9488_display.o(i.Write_Data) for Write_Data
    ili9488_display.o(i.ShowSingleChar) refers to font.o(.data) for Font_12x8_1
    ili9488_display.o(i.ShowString) refers to ili9488_display.o(i.ShowSingleChar) for ShowSingleChar
    ili9488_display.o(i.Write_Data) refers to ili9488_display.o(i.Write_Cmd_Data) for Write_Cmd_Data
    ili9488_display.o(i.Write_Data_U16) refers to ili9488_display.o(i.Write_Data) for Write_Data
    ili9488_display.o(i.show_picture) refers to ili9488_display.o(i.LCD_SetPos) for LCD_SetPos
    ili9488_display.o(i.show_picture) refers to ili9488_display.o(i.Write_Data_U16) for Write_Data_U16
    ili9488_display.o(i.show_picture) refers to images.o(.constdata) for pic
    touchpanel.o(i.AssignTouchInterruptHandler) refers to touchpanel.o(.data) for touchCallBack
    touchpanel.o(i.CalibrateTouch) refers to malloc.o(i.malloc) for malloc
    touchpanel.o(i.CalibrateTouch) refers to multifunctionbus.o(i.ConnectToTouchPanel) for ConnectToTouchPanel
    touchpanel.o(i.CalibrateTouch) refers to ili9488_display.o(i.ClearScreen) for ClearScreen
    touchpanel.o(i.CalibrateTouch) refers to ili9488_display.o(i.ShowFilledSquare) for ShowFilledSquare
    touchpanel.o(i.CalibrateTouch) refers to touchpanel.o(i.GetTouch) for GetTouch
    touchpanel.o(i.CalibrateTouch) refers to delays.o(i.Delay_ms) for Delay_ms
    touchpanel.o(i.CalibrateTouch) refers to touchpanelcalibration.o(i.MakeCalibrationParams) for MakeCalibrationParams
    touchpanel.o(i.CalibrateTouch) refers to touchpanel.o(.data) for lastTouchPos
    touchpanel.o(i.DisableTouchInterrupt) refers to touchpanel.o(i.NVIC_ClearPendingIRQ) for NVIC_ClearPendingIRQ
    touchpanel.o(i.EnableTouchInterrupt) refers to touchpanel.o(i.NVIC_ClearPendingIRQ) for NVIC_ClearPendingIRQ
    touchpanel.o(i.GetTouch) refers to multifunctionbus.o(i.ConnectToTouchPanel) for ConnectToTouchPanel
    touchpanel.o(i.GetTouch) refers to touchpanel.o(i.GetTouchLocation) for GetTouchLocation
    touchpanel.o(i.GetTouch) refers to touchpanel.o(i.EnableTouchInterrupt) for EnableTouchInterrupt
    touchpanel.o(i.GetTouch) refers to touchpanel.o(.data) for isTouchPending
    touchpanel.o(i.GetTouchLocation) refers to touchpanel.o(i.Method5) for Method5
    touchpanel.o(i.GetTouchLocation) refers to converters.o(i.ConvertIntToText) for ConvertIntToText
    touchpanel.o(i.GetTouchLocation) refers to ili9488_display.o(i.ShowString) for ShowString
    touchpanel.o(i.GetTouchLocation) refers to touchpanel.o(.data) for lastTouchPos
    touchpanel.o(i.GetTouchLocationX) refers to touchpanel.o(i.GetTouchRegisterVal) for GetTouchRegisterVal
    touchpanel.o(i.GetTouchLocationZ1) refers to touchpanel.o(i.GetTouchRegisterVal) for GetTouchRegisterVal
    touchpanel.o(i.GetTouchLocationZ2) refers to touchpanel.o(i.GetTouchRegisterVal) for GetTouchRegisterVal
    touchpanel.o(i.GetTouchRegisterVal) refers to spi_hld.o(i.SPI_GetRegVal) for SPI_GetRegVal
    touchpanel.o(i.GetXYAtZValid) refers to touchpanel.o(i.GetTouchLocationX) for GetTouchLocationX
    touchpanel.o(i.GetXYAtZValid) refers to touchpanel.o(i.GetTouchLocationZ1) for GetTouchLocationZ1
    touchpanel.o(i.GetXYAtZValid) refers to touchpanel.o(i.GetTouchLocationZ2) for GetTouchLocationZ2
    touchpanel.o(i.GetXYAtZValid) refers to touchpanel.o(i.GetTouchRegisterVal) for GetTouchRegisterVal
    touchpanel.o(i.Method5) refers to touchpanel.o(i.GetXYAtZValid) for GetXYAtZValid
    touchpanel.o(i.Method5) refers to touchpanel.o(.data) for lastTouchPos
    touchpanel.o(i.PORTE_IRQHandler) refers to touchpanel.o(i.DisableTouchInterrupt) for DisableTouchInterrupt
    touchpanel.o(i.PORTE_IRQHandler) refers to touchpanel.o(.data) for isTouchPending
    touchpanel.o(i.TouchPanel_Init) refers to touchpanelcalibration.o(i.TouchPanelCalibration_Init) for TouchPanelCalibration_Init
    touchpanel.o(i.TouchPanel_Init) refers to malloc.o(i.malloc) for malloc
    touchpanel.o(i.TouchPanel_Init) refers to touchpanel.o(.data) for lastTouchPos
    touchpanel.o(i.TouchPanel_Poll) refers to multifunctionbus.o(i.ConnectToTouchPanel) for ConnectToTouchPanel
    touchpanel.o(i.TouchPanel_Poll) refers to touchpanel.o(i.GetTouchLocation) for GetTouchLocation
    touchpanel.o(i.TouchPanel_Poll) refers to touchpanel.o(i.EnableTouchInterrupt) for EnableTouchInterrupt
    touchpanel.o(i.TouchPanel_Poll) refers to touchpanel.o(.data) for isTouchPending
    multifunctionbus.o(i.ConnectToTouchPanel) refers to touchpanel.o(i.ConfigureSPIForTouch) for ConfigureSPIForTouch
    multifunctionbus.o(i.ConnectToTouchPanel) refers to multifunctionbus.o(.data) for mode
    lcdlatchinghandler.o(i.LCDFreeHandler) refers to ili9488_display.o(i.ILI9488_EnterSleep) for ILI9488_EnterSleep
    lcdlatchinghandler.o(i.LCDFreeHandler) refers to lcdlatchinghandler.o(.data) for isInSleepMode
    lcdlatchinghandler.o(i.LCDLatchingHandler_BeforeDisplay) refers to ili9488_display.o(i.ILI9488_ExitSleep) for ILI9488_ExitSleep
    lcdlatchinghandler.o(i.LCDLatchingHandler_BeforeDisplay) refers to lcdlatchinghandler.o(.data) for isInSleepMode
    lcdlatchinghandler.o(i.LCDLatchingHandler_Init) refers to lptimer_ldd.o(i.LPTimer_DefaultInit) for LPTimer_DefaultInit
    lcdlatchinghandler.o(i.LCDLatchingHandler_Init) refers to lptimer_ldd.o(i.LPTimer_SetCallBack) for LPTimer_SetCallBack
    lcdlatchinghandler.o(i.LCDLatchingHandler_Init) refers to lptimer_ldd.o(i.LPTimer_SetForInterrupt) for LPTimer_SetForInterrupt
    lcdlatchinghandler.o(i.LCDLatchingHandler_Init) refers to lcdlatchinghandler.o(i.LCDFreeHandler) for LCDFreeHandler
    touchpanelcalibration.o(i.MakeCalibrationParams) refers to touchpanelcalibration.o(i._makeAn) for _makeAn
    touchpanelcalibration.o(i.MakeCalibrationParams) refers to touchpanelcalibration.o(i._makeBn) for _makeBn
    touchpanelcalibration.o(i.MakeCalibrationParams) refers to touchpanelcalibration.o(i._makeCn) for _makeCn
    touchpanelcalibration.o(i.MakeCalibrationParams) refers to touchpanelcalibration.o(i._makeDn) for _makeDn
    touchpanelcalibration.o(i.MakeCalibrationParams) refers to touchpanelcalibration.o(i._makeEn) for _makeEn
    touchpanelcalibration.o(i.MakeCalibrationParams) refers to touchpanelcalibration.o(i._makeFn) for _makeFn
    touchpanelcalibration.o(i.MakeCalibrationParams) refers to touchpanelcalibration.o(.data) for cal
    touchpanelcalibration.o(i.TouchPanelCalibration_Init) refers to malloc.o(i.malloc) for malloc
    touchpanelcalibration.o(i.TouchPanelCalibration_Init) refers to touchpanelcalibration.o(.data) for cal
    startup_mk70f12.o(RESET) refers to startup_mk70f12.o(STACK) for __initial_sp
    startup_mk70f12.o(RESET) refers to startup_mk70f12.o(.text) for Reset_Handler
    startup_mk70f12.o(RESET) refers to lptimer_ldd.o(i.LPTimer_IRQHandler) for LPTimer_IRQHandler
    startup_mk70f12.o(RESET) refers to touchpanel.o(i.PORTE_IRQHandler) for PORTE_IRQHandler
    startup_mk70f12.o(.text) refers to system_mk70f12.o(i.SystemInit) for SystemInit
    startup_mk70f12.o(.text) refers to entry.o(.ARM.Collect$$$$00000000) for __main
    entry.o(.ARM.Collect$$$$00000000) refers (Special) to entry10a.o(.ARM.Collect$$$$0000000D) for __rt_final_cpp
    entry.o(.ARM.Collect$$$$00000000) refers (Special) to entry11a.o(.ARM.Collect$$$$0000000F) for __rt_final_exit
    entry.o(.ARM.Collect$$$$00000000) refers (Special) to entry7b.o(.ARM.Collect$$$$00000008) for _main_clock
    entry.o(.ARM.Collect$$$$00000000) refers (Special) to entry8b.o(.ARM.Collect$$$$0000000A) for _main_cpp_init
    entry.o(.ARM.Collect$$$$00000000) refers (Special) to entry9a.o(.ARM.Collect$$$$0000000B) for _main_init
    entry.o(.ARM.Collect$$$$00000000) refers (Special) to entry5.o(.ARM.Collect$$$$00000004) for _main_scatterload
    entry.o(.ARM.Collect$$$$00000000) refers (Special) to entry2.o(.ARM.Collect$$$$00000001) for _main_stk
    malloc.o(i.free) refers to mvars.o(.data) for __microlib_freelist
    malloc.o(i.malloc) refers to mvars.o(.data) for __microlib_freelist_initialised
    malloc.o(i.malloc) refers to mvars.o(.data) for __microlib_freelist
    malloc.o(i.malloc) refers to startup_mk70f12.o(HEAP) for __heap_base
    mallocr.o(i.__free$realloc) refers to mvars.o(.data) for __microlib_freelist
    mallocr.o(i.__malloc$realloc) refers to mallocr.o(i.internal_alloc) for internal_alloc
    mallocr.o(i.__malloc$realloc) refers to mvars.o(.data) for __microlib_freelist_initialised
    mallocr.o(i.__malloc$realloc) refers to startup_mk70f12.o(HEAP) for __heap_base
    mallocr.o(i.__malloc$realloc) refers to mvars.o(.data) for __microlib_freelist
    mallocr.o(i.internal_alloc) refers to memcpya.o(.text) for __aeabi_memcpy
    mallocr.o(i.internal_alloc) refers to mvars.o(.data) for __microlib_freelist
    mallocr.o(i.realloc) refers to mallocr.o(i.__free$realloc) for __free$realloc
    mallocr.o(i.realloc) refers to mallocr.o(i.internal_alloc) for internal_alloc
    mallocr.o(i.realloc) refers to mallocr.o(i.__malloc$realloc) for __malloc$realloc
    mallocr.o(i.realloc) refers to mvars.o(.data) for __microlib_freelist
    malloca.o(i.__aligned_malloc) refers to mvars.o(.data) for __microlib_freelist_initialised
    malloca.o(i.__aligned_malloc) refers to mvars.o(.data) for __microlib_freelist
    malloca.o(i.__aligned_malloc) refers to startup_mk70f12.o(HEAP) for __heap_base
    malloca.o(i.__free$memalign) refers to mvars.o(.data) for __microlib_freelist
    malloca.o(i.__malloc$memalign) refers to malloca.o(i.__aligned_malloc) for __aligned_malloc
    mallocra.o(i.__aligned_malloc$realloc) refers to mallocra.o(i.internal_alloc) for internal_alloc
    mallocra.o(i.__aligned_malloc$realloc) refers to mvars.o(.data) for __microlib_freelist_initialised
    mallocra.o(i.__aligned_malloc$realloc) refers to startup_mk70f12.o(HEAP) for __heap_base
    mallocra.o(i.__aligned_malloc$realloc) refers to mvars.o(.data) for __microlib_freelist
    mallocra.o(i.__free$realloc$memalign) refers to mvars.o(.data) for __microlib_freelist
    mallocra.o(i.__malloc$realloc$memalign) refers to mallocra.o(i.__aligned_malloc$realloc) for __aligned_malloc$realloc
    mallocra.o(i.__realloc$memalign) refers to mallocra.o(i.__free$realloc$memalign) for __free$realloc$memalign
    mallocra.o(i.__realloc$memalign) refers to mallocra.o(i.internal_alloc) for internal_alloc
    mallocra.o(i.__realloc$memalign) refers to mallocra.o(i.__malloc$realloc$memalign) for __malloc$realloc$memalign
    mallocra.o(i.__realloc$memalign) refers to mvars.o(.data) for __microlib_freelist
    mallocra.o(i.internal_alloc) refers to memcpya.o(.text) for __aeabi_memcpy
    mallocra.o(i.internal_alloc) refers to mvars.o(.data) for __microlib_freelist
    entry2.o(.ARM.Collect$$$$00000001) refers to entry2.o(.ARM.Collect$$$$00002712) for __lit__00000000
    entry2.o(.ARM.Collect$$$$00002712) refers to startup_mk70f12.o(STACK) for __initial_sp
    entry2.o(__vectab_stack_and_reset_area) refers to startup_mk70f12.o(STACK) for __initial_sp
    entry2.o(__vectab_stack_and_reset_area) refers to entry.o(.ARM.Collect$$$$00000000) for __main
    entry5.o(.ARM.Collect$$$$00000004) refers to init.o(.text) for __scatterload
    entry9a.o(.ARM.Collect$$$$0000000B) refers to main_file.o(i.main) for main
    entry9b.o(.ARM.Collect$$$$0000000C) refers to main_file.o(i.main) for main
    init.o(.text) refers to entry5.o(.ARM.Collect$$$$00000004) for __main_after_scatterload


==============================================================================

Removing Unused input sections from the image.

    Removing main_file.o(.rev16_text), (4 bytes).
    Removing main_file.o(.revsh_text), (4 bytes).
    Removing main_file.o(.data), (5 bytes).
    Removing spi_hld.o(.rev16_text), (4 bytes).
    Removing spi_hld.o(.revsh_text), (4 bytes).
    Removing lptimer_ldd.o(.rev16_text), (4 bytes).
    Removing lptimer_ldd.o(.revsh_text), (4 bytes).
    Removing delays.o(i.Delay_Short), (10 bytes).
    Removing delays.o(i.Delay_Single), (18 bytes).
    Removing ili9488_display.o(.rev16_text), (4 bytes).
    Removing ili9488_display.o(.revsh_text), (4 bytes).
    Removing ili9488_display.o(i.LCD_FULL), (100 bytes).
    Removing ili9488_display.o(i.show_picture), (328 bytes).
    Removing touchpanel.o(.rev16_text), (4 bytes).
    Removing touchpanel.o(.revsh_text), (4 bytes).
    Removing multifunctionbus.o(.rev16_text), (4 bytes).
    Removing multifunctionbus.o(.revsh_text), (4 bytes).
    Removing multifunctionbus.o(i.ConnectToFontChip), (2 bytes).
    Removing multifunctionbus.o(i.ConnectToSDCard), (2 bytes).
    Removing lcdlatchinghandler.o(.rev16_text), (4 bytes).
    Removing lcdlatchinghandler.o(.revsh_text), (4 bytes).
    Removing sdcard.o(.rev16_text), (4 bytes).
    Removing sdcard.o(.revsh_text), (4 bytes).
    Removing sdcard.o(i.ConfigureSPIForSDCard), (56 bytes).
    Removing fontchip.o(.rev16_text), (4 bytes).
    Removing fontchip.o(.revsh_text), (4 bytes).
    Removing fontchip.o(i.ConfigureSPIForFont), (56 bytes).
    Removing tft_flash.o(.rev16_text), (4 bytes).
    Removing tft_flash.o(.revsh_text), (4 bytes).
    Removing tft_flash.o(i.ConfigureSPIForFlash), (56 bytes).
    Removing touchpanelcalibration.o(.rev16_text), (4 bytes).
    Removing touchpanelcalibration.o(.revsh_text), (4 bytes).
    Removing images.o(.constdata), (76800 bytes).
    Removing converters.o(.rev16_text), (4 bytes).
    Removing converters.o(.revsh_text), (4 bytes).
    Removing converters.o(i.ConvertUInt16ToText), (80 bytes).
    Removing system_mk70f12.o(.rev16_text), (4 bytes).
    Removing system_mk70f12.o(.revsh_text), (4 bytes).
    Removing system_mk70f12.o(.data), (4 bytes).

39 unused section(s) (total 77621 bytes) removed from the image.

==============================================================================

Image Symbol Table

    Local Symbols

    Symbol Name                              Value     Ov Type        Size  Object(Section)

    RESET                                    0x00000000   Section     1024  startup_mk70f12.o(RESET)
    ../clib/../cmprslib/zerorunl2.c          0x00000000   Number         0  __dczerorl2.o ABSOLUTE
    ../clib/microlib/init/entry.s            0x00000000   Number         0  entry5.o ABSOLUTE
    ../clib/microlib/init/entry.s            0x00000000   Number         0  entry7a.o ABSOLUTE
    ../clib/microlib/init/entry.s            0x00000000   Number         0  entry7b.o ABSOLUTE
    ../clib/microlib/init/entry.s            0x00000000   Number         0  entry8a.o ABSOLUTE
    ../clib/microlib/init/entry.s            0x00000000   Number         0  entry8b.o ABSOLUTE
    ../clib/microlib/init/entry.s            0x00000000   Number         0  entry9b.o ABSOLUTE
    ../clib/microlib/init/entry.s            0x00000000   Number         0  entry9a.o ABSOLUTE
    ../clib/microlib/init/entry.s            0x00000000   Number         0  entry10a.o ABSOLUTE
    ../clib/microlib/init/entry.s            0x00000000   Number         0  entry10b.o ABSOLUTE
    ../clib/microlib/init/entry.s            0x00000000   Number         0  entry11a.o ABSOLUTE
    ../clib/microlib/init/entry.s            0x00000000   Number         0  entry11b.o ABSOLUTE
    ../clib/microlib/init/entry.s            0x00000000   Number         0  entry.o ABSOLUTE
    ../clib/microlib/init/entry.s            0x00000000   Number         0  entry2.o ABSOLUTE
    ../clib/microlib/malloc/malloc.c         0x00000000   Number         0  mallocr.o ABSOLUTE
    ../clib/microlib/malloc/malloc.c         0x00000000   Number         0  malloc.o ABSOLUTE
    ../clib/microlib/malloc/malloc.c         0x00000000   Number         0  malloca.o ABSOLUTE
    ../clib/microlib/malloc/malloc.c         0x00000000   Number         0  mallocra.o ABSOLUTE
    ../clib/microlib/malloc/mvars.c          0x00000000   Number         0  mvars.o ABSOLUTE
    ../clib/microlib/string/memcpy.c         0x00000000   Number         0  memcpyb.o ABSOLUTE
    ../clib/microlib/string/memcpy.c         0x00000000   Number         0  memcpya.o ABSOLUTE
    AlternateMethodsForTouchDetection.c      0x00000000   Number         0  alternatemethodsfortouchdetection.o ABSOLUTE
    Converters.c                             0x00000000   Number         0  converters.o ABSOLUTE
    Converters.c                             0x00000000   Number         0  converters.o ABSOLUTE
    Delays.c                                 0x00000000   Number         0  delays.o ABSOLUTE
    Font.c                                   0x00000000   Number         0  font.o ABSOLUTE
    FontChip.c                               0x00000000   Number         0  fontchip.o ABSOLUTE
    FontChip.c                               0x00000000   Number         0  fontchip.o ABSOLUTE
    ILI9488_Display.c                        0x00000000   Number         0  ili9488_display.o ABSOLUTE
    ILI9488_Display.c                        0x00000000   Number         0  ili9488_display.o ABSOLUTE
    Images.c                                 0x00000000   Number         0  images.o ABSOLUTE
    LCDLatchingHandler.c                     0x00000000   Number         0  lcdlatchinghandler.o ABSOLUTE
    LCDLatchingHandler.c                     0x00000000   Number         0  lcdlatchinghandler.o ABSOLUTE
    LPTimer_LDD.c                            0x00000000   Number         0  lptimer_ldd.o ABSOLUTE
    LPTimer_LDD.c                            0x00000000   Number         0  lptimer_ldd.o ABSOLUTE
    MultiFunctionBus.c                       0x00000000   Number         0  multifunctionbus.o ABSOLUTE
    MultiFunctionBus.c                       0x00000000   Number         0  multifunctionbus.o ABSOLUTE
    RTE\Device\MK70FN1M0xxx12\startup_MK70F12.s 0x00000000   Number         0  startup_mk70f12.o ABSOLUTE
    RTE\Device\MK70FN1M0xxx12\system_MK70F12.c 0x00000000   Number         0  system_mk70f12.o ABSOLUTE
    RTE\\Device\\MK70FN1M0xxx12\\system_MK70F12.c 0x00000000   Number         0  system_mk70f12.o ABSOLUTE
    SDCard.c                                 0x00000000   Number         0  sdcard.o ABSOLUTE
    SDCard.c                                 0x00000000   Number         0  sdcard.o ABSOLUTE
    SPI_HLD.c                                0x00000000   Number         0  spi_hld.o ABSOLUTE
    SPI_HLD.c                                0x00000000   Number         0  spi_hld.o ABSOLUTE
    TFT_Flash.c                              0x00000000   Number         0  tft_flash.o ABSOLUTE
    TFT_Flash.c                              0x00000000   Number         0  tft_flash.o ABSOLUTE
    TouchPanel.c                             0x00000000   Number         0  touchpanel.o ABSOLUTE
    TouchPanel.c                             0x00000000   Number         0  touchpanel.o ABSOLUTE
    TouchPanelCalibration.c                  0x00000000   Number         0  touchpanelcalibration.o ABSOLUTE
    TouchPanelCalibration.c                  0x00000000   Number         0  touchpanelcalibration.o ABSOLUTE
    dc.s                                     0x00000000   Number         0  dc.o ABSOLUTE
    handlers.s                               0x00000000   Number         0  handlers.o ABSOLUTE
    init.s                                   0x00000000   Number         0  init.o ABSOLUTE
    main_file.c                              0x00000000   Number         0  main_file.o ABSOLUTE
    main_file.c                              0x00000000   Number         0  main_file.o ABSOLUTE
    .ARM.__at_0x400                          0x00000400   Section       16  startup_mk70f12.o(.ARM.__at_0x400)
    .ARM.Collect$$$$00000000                 0x00000410   Section        0  entry.o(.ARM.Collect$$$$00000000)
    .ARM.Collect$$$$00000001                 0x00000410   Section        4  entry2.o(.ARM.Collect$$$$00000001)
    .ARM.Collect$$$$00000004                 0x00000414   Section        4  entry5.o(.ARM.Collect$$$$00000004)
    .ARM.Collect$$$$00000008                 0x00000418   Section        0  entry7b.o(.ARM.Collect$$$$00000008)
    .ARM.Collect$$$$0000000A                 0x00000418   Section        0  entry8b.o(.ARM.Collect$$$$0000000A)
    .ARM.Collect$$$$0000000B                 0x00000418   Section        8  entry9a.o(.ARM.Collect$$$$0000000B)
    .ARM.Collect$$$$0000000D                 0x00000420   Section        0  entry10a.o(.ARM.Collect$$$$0000000D)
    .ARM.Collect$$$$0000000F                 0x00000420   Section        0  entry11a.o(.ARM.Collect$$$$0000000F)
    .ARM.Collect$$$$00002712                 0x00000420   Section        4  entry2.o(.ARM.Collect$$$$00002712)
    __lit__00000000                          0x00000420   Data           4  entry2.o(.ARM.Collect$$$$00002712)
    .text                                    0x00000424   Section       36  startup_mk70f12.o(.text)
    $v0                                      0x00000424   Number         0  startup_mk70f12.o(.text)
    .text                                    0x00000448   Section       36  init.o(.text)
    .text                                    0x0000046c   Section        0  __dczerorl2.o(.text)
    i.AssignTouchInterruptHandler            0x000004c4   Section        0  touchpanel.o(i.AssignTouchInterruptHandler)
    i.CalibrateTouch                         0x000004d0   Section        0  touchpanel.o(i.CalibrateTouch)
    i.ClearScreen                            0x000005b0   Section        0  ili9488_display.o(i.ClearScreen)
    i.ConfigureSPIForTouch                   0x000005e4   Section        0  touchpanel.o(i.ConfigureSPIForTouch)
    i.ConnectToTouchPanel                    0x0000061c   Section        0  multifunctionbus.o(i.ConnectToTouchPanel)
    i.ConvertIntToText                       0x00000638   Section        0  converters.o(i.ConvertIntToText)
    i.Delay_Cycles                           0x000006aa   Section        0  delays.o(i.Delay_Cycles)
    i.Delay_ms                               0x000006b4   Section        0  delays.o(i.Delay_ms)
    i.DisableTouchInterrupt                  0x000006d0   Section        0  touchpanel.o(i.DisableTouchInterrupt)
    i.EnableTouchInterrupt                   0x00000700   Section        0  touchpanel.o(i.EnableTouchInterrupt)
    i.FontChip_Init                          0x00000730   Section        0  fontchip.o(i.FontChip_Init)
    i.GetTouch                               0x00000764   Section        0  touchpanel.o(i.GetTouch)
    i.GetTouchLocation                       0x0000078c   Section        0  touchpanel.o(i.GetTouchLocation)
    i.GetTouchLocationX                      0x00000818   Section        0  touchpanel.o(i.GetTouchLocationX)
    GetTouchLocationX                        0x00000819   Thumb Code    14  touchpanel.o(i.GetTouchLocationX)
    i.GetTouchLocationZ1                     0x00000826   Section        0  touchpanel.o(i.GetTouchLocationZ1)
    GetTouchLocationZ1                       0x00000827   Thumb Code    14  touchpanel.o(i.GetTouchLocationZ1)
    i.GetTouchLocationZ2                     0x00000834   Section        0  touchpanel.o(i.GetTouchLocationZ2)
    GetTouchLocationZ2                       0x00000835   Thumb Code    14  touchpanel.o(i.GetTouchLocationZ2)
    i.GetTouchRegisterVal                    0x00000844   Section        0  touchpanel.o(i.GetTouchRegisterVal)
    GetTouchRegisterVal                      0x00000845   Thumb Code    48  touchpanel.o(i.GetTouchRegisterVal)
    i.GetXYAtZValid                          0x00000878   Section        0  touchpanel.o(i.GetXYAtZValid)
    GetXYAtZValid                            0x00000879   Thumb Code   162  touchpanel.o(i.GetXYAtZValid)
    i.ILI9488_EnterSleep                     0x0000091c   Section        0  ili9488_display.o(i.ILI9488_EnterSleep)
    i.ILI9488_ExitSleep                      0x00000944   Section        0  ili9488_display.o(i.ILI9488_ExitSleep)
    i.ILI9488_Init                           0x00000968   Section        0  ili9488_display.o(i.ILI9488_Init)
    i.ILI9488_InitPeripherals                0x00000990   Section        0  ili9488_display.o(i.ILI9488_InitPeripherals)
    ILI9488_InitPeripherals                  0x00000991   Thumb Code   150  ili9488_display.o(i.ILI9488_InitPeripherals)
    i.ILI9488_SendInitSequence               0x00000a4c   Section        0  ili9488_display.o(i.ILI9488_SendInitSequence)
    ILI9488_SendInitSequence                 0x00000a4d   Thumb Code   376  ili9488_display.o(i.ILI9488_SendInitSequence)
    i.LCDFreeHandler                         0x00000c14   Section        0  lcdlatchinghandler.o(i.LCDFreeHandler)
    LCDFreeHandler                           0x00000c15   Thumb Code    26  lcdlatchinghandler.o(i.LCDFreeHandler)
    i.LCDLactchingHandler_AfterDisplay       0x00000c38   Section        0  lcdlatchinghandler.o(i.LCDLactchingHandler_AfterDisplay)
    i.LCDLatchingHandler_BeforeDisplay       0x00000c4c   Section        0  lcdlatchinghandler.o(i.LCDLatchingHandler_BeforeDisplay)
    i.LCDLatchingHandler_Init                0x00000c78   Section        0  lcdlatchinghandler.o(i.LCDLatchingHandler_Init)
    i.LCD_SetPos                             0x00000c9c   Section        0  ili9488_display.o(i.LCD_SetPos)
    i.LPTimer_DefaultInit                    0x00000cfc   Section        0  lptimer_ldd.o(i.LPTimer_DefaultInit)
    i.LPTimer_IRQHandler                     0x00000d48   Section        0  lptimer_ldd.o(i.LPTimer_IRQHandler)
    i.LPTimer_SetCallBack                    0x00000d64   Section        0  lptimer_ldd.o(i.LPTimer_SetCallBack)
    i.LPTimer_SetForInterrupt                0x00000d70   Section        0  lptimer_ldd.o(i.LPTimer_SetForInterrupt)
    i.MakeCalibrationParams                  0x00000dac   Section        0  touchpanelcalibration.o(i.MakeCalibrationParams)
    i.Method5                                0x00000e50   Section        0  touchpanel.o(i.Method5)
    i.MultiFunctionBus_Init                  0x00000f94   Section        0  multifunctionbus.o(i.MultiFunctionBus_Init)
    i.NVIC_ClearPendingIRQ                   0x00001004   Section        0  touchpanel.o(i.NVIC_ClearPendingIRQ)
    NVIC_ClearPendingIRQ                     0x00001005   Thumb Code    18  touchpanel.o(i.NVIC_ClearPendingIRQ)
    i.PORTE_IRQHandler                       0x0000101c   Section        0  touchpanel.o(i.PORTE_IRQHandler)
    i.ReceiveData                            0x00001040   Section        0  spi_hld.o(i.ReceiveData)
    ReceiveData                              0x00001041   Thumb Code    46  spi_hld.o(i.ReceiveData)
    i.SDCard_Init                            0x00001070   Section        0  sdcard.o(i.SDCard_Init)
    i.SPI_GetRegVal                          0x000010a4   Section        0  spi_hld.o(i.SPI_GetRegVal)
    i.ShowFilledSquare                       0x000010fe   Section        0  ili9488_display.o(i.ShowFilledSquare)
    i.ShowSingleChar                         0x00001138   Section        0  ili9488_display.o(i.ShowSingleChar)
    i.ShowString                             0x000011b8   Section        0  ili9488_display.o(i.ShowString)
    i.SystemInit                             0x000011ec   Section        0  system_mk70f12.o(i.SystemInit)
    i.TFTFlash_Init                          0x00001328   Section        0  tft_flash.o(i.TFTFlash_Init)
    i.TouchHandler                           0x0000135c   Section        0  main_file.o(i.TouchHandler)
    i.TouchPanelCalibration_Init             0x00001378   Section        0  touchpanelcalibration.o(i.TouchPanelCalibration_Init)
    i.TouchPanel_Init                        0x0000138c   Section        0  touchpanel.o(i.TouchPanel_Init)
    i.TouchPanel_Poll                        0x00001420   Section        0  touchpanel.o(i.TouchPanel_Poll)
    i.Write_Cmd                              0x0000143c   Section        0  ili9488_display.o(i.Write_Cmd)
    Write_Cmd                                0x0000143d   Thumb Code    54  ili9488_display.o(i.Write_Cmd)
    i.Write_Cmd_Data                         0x0000147c   Section        0  ili9488_display.o(i.Write_Cmd_Data)
    Write_Cmd_Data                           0x0000147d   Thumb Code   124  ili9488_display.o(i.Write_Cmd_Data)
    i.Write_Data                             0x00001508   Section        0  ili9488_display.o(i.Write_Data)
    Write_Data                               0x00001509   Thumb Code    88  ili9488_display.o(i.Write_Data)
    i.Write_Data_U16                         0x00001560   Section        0  ili9488_display.o(i.Write_Data_U16)
    Write_Data_U16                           0x00001561   Thumb Code    20  ili9488_display.o(i.Write_Data_U16)
    i.__scatterload_copy                     0x00001574   Section       14  handlers.o(i.__scatterload_copy)
    i.__scatterload_null                     0x00001582   Section        2  handlers.o(i.__scatterload_null)
    i.__scatterload_zeroinit                 0x00001584   Section       14  handlers.o(i.__scatterload_zeroinit)
    i._makeAn                                0x00001592   Section        0  touchpanelcalibration.o(i._makeAn)
    i._makeBn                                0x000015c6   Section        0  touchpanelcalibration.o(i._makeBn)
    i._makeCn                                0x000015f6   Section        0  touchpanelcalibration.o(i._makeCn)
    i._makeDn                                0x0000164e   Section        0  touchpanelcalibration.o(i._makeDn)
    i._makeEn                                0x00001682   Section        0  touchpanelcalibration.o(i._makeEn)
    i._makeFn                                0x000016b6   Section        0  touchpanelcalibration.o(i._makeFn)
    i.main                                   0x00001710   Section        0  main_file.o(i.main)
    i.malloc                                 0x00001750   Section        0  malloc.o(i.malloc)
    .data                                    0x20000000   Section        4  lptimer_ldd.o(.data)
    callbackPtr                              0x20000000   Data           4  lptimer_ldd.o(.data)
    .data                                    0x20000004   Section       12  touchpanel.o(.data)
    touchCallBack                            0x20000004   Data           4  touchpanel.o(.data)
    isTouchPending                           0x20000008   Data           1  touchpanel.o(.data)
    lastTouchPos                             0x2000000c   Data           4  touchpanel.o(.data)
    .data                                    0x20000010   Section        1  multifunctionbus.o(.data)
    .data                                    0x20000011   Section        1  lcdlatchinghandler.o(.data)
    .data                                    0x20000014   Section        4  touchpanelcalibration.o(.data)
    .data                                    0x20000018   Section     1140  font.o(.data)
    .data                                    0x2000048c   Section        4  mvars.o(.data)
    .data                                    0x20000490   Section        4  mvars.o(.data)
    HEAP                                     0x20000498   Section        0  startup_mk70f12.o(HEAP)
    STACK                                    0x20000498   Section     1024  startup_mk70f12.o(STACK)

    Global Symbols

    Symbol Name                              Value     Ov Type        Size  Object(Section)

    BuildAttributes$$THM_ISAv4$E$P$D$K$B$S$7EM$VFPi3$EXTD16$VFPS$VFMA$PE$A:L22UL41UL21$X:L11$S22US41US21$IEEE1$IW$USESV6$~STKCKD$USESV7$~SHL$OSPACE$EBA8$MICROLIB$REQ8$PRES8$EABIv2 0x00000000   Number         0  anon$$obj.o ABSOLUTE
    __ARM_use_no_argv                        0x00000000   Number         0  main_file.o ABSOLUTE
    __Vectors                                0x00000000   Data           4  startup_mk70f12.o(RESET)
    __cpp_initialize__aeabi_                  - Undefined Weak Reference
    __cxa_finalize                            - Undefined Weak Reference
    _clock_init                               - Undefined Weak Reference
    _microlib_exit                            - Undefined Weak Reference
    __Vectors_End                            0x00000400   Data           0  startup_mk70f12.o(RESET)
    __Vectors_Size                           0x00000400   Number         0  startup_mk70f12.o ABSOLUTE
    __main                                   0x00000411   Thumb Code     0  entry.o(.ARM.Collect$$$$00000000)
    _main_stk                                0x00000411   Thumb Code     0  entry2.o(.ARM.Collect$$$$00000001)
    _main_scatterload                        0x00000415   Thumb Code     0  entry5.o(.ARM.Collect$$$$00000004)
    __main_after_scatterload                 0x00000419   Thumb Code     0  entry5.o(.ARM.Collect$$$$00000004)
    _main_clock                              0x00000419   Thumb Code     0  entry7b.o(.ARM.Collect$$$$00000008)
    _main_cpp_init                           0x00000419   Thumb Code     0  entry8b.o(.ARM.Collect$$$$0000000A)
    _main_init                               0x00000419   Thumb Code     0  entry9a.o(.ARM.Collect$$$$0000000B)
    __rt_final_cpp                           0x00000421   Thumb Code     0  entry10a.o(.ARM.Collect$$$$0000000D)
    __rt_final_exit                          0x00000421   Thumb Code     0  entry11a.o(.ARM.Collect$$$$0000000F)
    Reset_Handler                            0x00000425   Thumb Code     8  startup_mk70f12.o(.text)
    NMI_Handler                              0x0000042d   Thumb Code     2  startup_mk70f12.o(.text)
    HardFault_Handler                        0x0000042f   Thumb Code     2  startup_mk70f12.o(.text)
    MemManage_Handler                        0x00000431   Thumb Code     2  startup_mk70f12.o(.text)
    BusFault_Handler                         0x00000433   Thumb Code     2  startup_mk70f12.o(.text)
    UsageFault_Handler                       0x00000435   Thumb Code     2  startup_mk70f12.o(.text)
    SVC_Handler                              0x00000437   Thumb Code     2  startup_mk70f12.o(.text)
    DebugMon_Handler                         0x00000439   Thumb Code     2  startup_mk70f12.o(.text)
    PendSV_Handler                           0x0000043b   Thumb Code     2  startup_mk70f12.o(.text)
    SysTick_Handler                          0x0000043d   Thumb Code     2  startup_mk70f12.o(.text)
    ADC0_IRQHandler                          0x0000043f   Thumb Code     0  startup_mk70f12.o(.text)
    ADC1_IRQHandler                          0x0000043f   Thumb Code     0  startup_mk70f12.o(.text)
    ADC2_IRQHandler                          0x0000043f   Thumb Code     0  startup_mk70f12.o(.text)
    ADC3_IRQHandler                          0x0000043f   Thumb Code     0  startup_mk70f12.o(.text)
    CAN0_Bus_Off_IRQHandler                  0x0000043f   Thumb Code     0  startup_mk70f12.o(.text)
    CAN0_Error_IRQHandler                    0x0000043f   Thumb Code     0  startup_mk70f12.o(.text)
    CAN0_ORed_Message_buffer_IRQHandler      0x0000043f   Thumb Code     0  startup_mk70f12.o(.text)
    CAN0_Rx_Warning_IRQHandler               0x0000043f   Thumb Code     0  startup_mk70f12.o(.text)
    CAN0_Tx_Warning_IRQHandler               0x0000043f   Thumb Code     0  startup_mk70f12.o(.text)
    CAN0_Wake_Up_IRQHandler                  0x0000043f   Thumb Code     0  startup_mk70f12.o(.text)
    CAN1_Bus_Off_IRQHandler                  0x0000043f   Thumb Code     0  startup_mk70f12.o(.text)
    CAN1_Error_IRQHandler                    0x0000043f   Thumb Code     0  startup_mk70f12.o(.text)
    CAN1_ORed_Message_buffer_IRQHandler      0x0000043f   Thumb Code     0  startup_mk70f12.o(.text)
    CAN1_Rx_Warning_IRQHandler               0x0000043f   Thumb Code     0  startup_mk70f12.o(.text)
    CAN1_Tx_Warning_IRQHandler               0x0000043f   Thumb Code     0  startup_mk70f12.o(.text)
    CAN1_Wake_Up_IRQHandler                  0x0000043f   Thumb Code     0  startup_mk70f12.o(.text)
    CMP0_IRQHandler                          0x0000043f   Thumb Code     0  startup_mk70f12.o(.text)
    CMP1_IRQHandler                          0x0000043f   Thumb Code     0  startup_mk70f12.o(.text)
    CMP2_IRQHandler                          0x0000043f   Thumb Code     0  startup_mk70f12.o(.text)
    CMP3_IRQHandler                          0x0000043f   Thumb Code     0  startup_mk70f12.o(.text)
    CMT_IRQHandler                           0x0000043f   Thumb Code     0  startup_mk70f12.o(.text)
    DAC0_IRQHandler                          0x0000043f   Thumb Code     0  startup_mk70f12.o(.text)
    DAC1_IRQHandler                          0x0000043f   Thumb Code     0  startup_mk70f12.o(.text)
    DDR_IRQHandler                           0x0000043f   Thumb Code     0  startup_mk70f12.o(.text)
    DMA0_DMA16_IRQHandler                    0x0000043f   Thumb Code     0  startup_mk70f12.o(.text)
    DMA10_DMA26_IRQHandler                   0x0000043f   Thumb Code     0  startup_mk70f12.o(.text)
    DMA11_DMA27_IRQHandler                   0x0000043f   Thumb Code     0  startup_mk70f12.o(.text)
    DMA12_DMA28_IRQHandler                   0x0000043f   Thumb Code     0  startup_mk70f12.o(.text)
    DMA13_DMA29_IRQHandler                   0x0000043f   Thumb Code     0  startup_mk70f12.o(.text)
    DMA14_DMA30_IRQHandler                   0x0000043f   Thumb Code     0  startup_mk70f12.o(.text)
    DMA15_DMA31_IRQHandler                   0x0000043f   Thumb Code     0  startup_mk70f12.o(.text)
    DMA1_DMA17_IRQHandler                    0x0000043f   Thumb Code     0  startup_mk70f12.o(.text)
    DMA2_DMA18_IRQHandler                    0x0000043f   Thumb Code     0  startup_mk70f12.o(.text)
    DMA3_DMA19_IRQHandler                    0x0000043f   Thumb Code     0  startup_mk70f12.o(.text)
    DMA4_DMA20_IRQHandler                    0x0000043f   Thumb Code     0  startup_mk70f12.o(.text)
    DMA5_DMA21_IRQHandler                    0x0000043f   Thumb Code     0  startup_mk70f12.o(.text)
    DMA6_DMA22_IRQHandler                    0x0000043f   Thumb Code     0  startup_mk70f12.o(.text)
    DMA7_DMA23_IRQHandler                    0x0000043f   Thumb Code     0  startup_mk70f12.o(.text)
    DMA8_DMA24_IRQHandler                    0x0000043f   Thumb Code     0  startup_mk70f12.o(.text)
    DMA9_DMA25_IRQHandler                    0x0000043f   Thumb Code     0  startup_mk70f12.o(.text)
    DMA_Error_IRQHandler                     0x0000043f   Thumb Code     0  startup_mk70f12.o(.text)
    DefaultISR                               0x0000043f   Thumb Code     0  startup_mk70f12.o(.text)
    ENET_1588_Timer_IRQHandler               0x0000043f   Thumb Code     0  startup_mk70f12.o(.text)
    ENET_Error_IRQHandler                    0x0000043f   Thumb Code     0  startup_mk70f12.o(.text)
    ENET_Receive_IRQHandler                  0x0000043f   Thumb Code     0  startup_mk70f12.o(.text)
    ENET_Transmit_IRQHandler                 0x0000043f   Thumb Code     0  startup_mk70f12.o(.text)
    FTFE_IRQHandler                          0x0000043f   Thumb Code     0  startup_mk70f12.o(.text)
    FTM0_IRQHandler                          0x0000043f   Thumb Code     0  startup_mk70f12.o(.text)
    FTM1_IRQHandler                          0x0000043f   Thumb Code     0  startup_mk70f12.o(.text)
    FTM2_IRQHandler                          0x0000043f   Thumb Code     0  startup_mk70f12.o(.text)
    FTM3_IRQHandler                          0x0000043f   Thumb Code     0  startup_mk70f12.o(.text)
    I2C0_IRQHandler                          0x0000043f   Thumb Code     0  startup_mk70f12.o(.text)
    I2C1_IRQHandler                          0x0000043f   Thumb Code     0  startup_mk70f12.o(.text)
    I2S0_Rx_IRQHandler                       0x0000043f   Thumb Code     0  startup_mk70f12.o(.text)
    I2S0_Tx_IRQHandler                       0x0000043f   Thumb Code     0  startup_mk70f12.o(.text)
    I2S1_Rx_IRQHandler                       0x0000043f   Thumb Code     0  startup_mk70f12.o(.text)
    I2S1_Tx_IRQHandler                       0x0000043f   Thumb Code     0  startup_mk70f12.o(.text)
    LCD_IRQHandler                           0x0000043f   Thumb Code     0  startup_mk70f12.o(.text)
    LLW_IRQHandler                           0x0000043f   Thumb Code     0  startup_mk70f12.o(.text)
    LVD_LVW_IRQHandler                       0x0000043f   Thumb Code     0  startup_mk70f12.o(.text)
    MCG_IRQHandler                           0x0000043f   Thumb Code     0  startup_mk70f12.o(.text)
    MCM_IRQHandler                           0x0000043f   Thumb Code     0  startup_mk70f12.o(.text)
    NFC_IRQHandler                           0x0000043f   Thumb Code     0  startup_mk70f12.o(.text)
    PDB0_IRQHandler                          0x0000043f   Thumb Code     0  startup_mk70f12.o(.text)
    PIT0_IRQHandler                          0x0000043f   Thumb Code     0  startup_mk70f12.o(.text)
    PIT1_IRQHandler                          0x0000043f   Thumb Code     0  startup_mk70f12.o(.text)
    PIT2_IRQHandler                          0x0000043f   Thumb Code     0  startup_mk70f12.o(.text)
    PIT3_IRQHandler                          0x0000043f   Thumb Code     0  startup_mk70f12.o(.text)
    PORTA_IRQHandler                         0x0000043f   Thumb Code     0  startup_mk70f12.o(.text)
    PORTB_IRQHandler                         0x0000043f   Thumb Code     0  startup_mk70f12.o(.text)
    PORTC_IRQHandler                         0x0000043f   Thumb Code     0  startup_mk70f12.o(.text)
    PORTD_IRQHandler                         0x0000043f   Thumb Code     0  startup_mk70f12.o(.text)
    PORTF_IRQHandler                         0x0000043f   Thumb Code     0  startup_mk70f12.o(.text)
    RNG_IRQHandler                           0x0000043f   Thumb Code     0  startup_mk70f12.o(.text)
    RTC_IRQHandler                           0x0000043f   Thumb Code     0  startup_mk70f12.o(.text)
    RTC_Seconds_IRQHandler                   0x0000043f   Thumb Code     0  startup_mk70f12.o(.text)
    Read_Collision_IRQHandler                0x0000043f   Thumb Code     0  startup_mk70f12.o(.text)
    Reserved102_IRQHandler                   0x0000043f   Thumb Code     0  startup_mk70f12.o(.text)
    Reserved115_IRQHandler                   0x0000043f   Thumb Code     0  startup_mk70f12.o(.text)
    Reserved116_IRQHandler                   0x0000043f   Thumb Code     0  startup_mk70f12.o(.text)
    Reserved59_IRQHandler                    0x0000043f   Thumb Code     0  startup_mk70f12.o(.text)
    Reserved95_IRQHandler                    0x0000043f   Thumb Code     0  startup_mk70f12.o(.text)
    SDHC_IRQHandler                          0x0000043f   Thumb Code     0  startup_mk70f12.o(.text)
    SPI0_IRQHandler                          0x0000043f   Thumb Code     0  startup_mk70f12.o(.text)
    SPI1_IRQHandler                          0x0000043f   Thumb Code     0  startup_mk70f12.o(.text)
    SPI2_IRQHandler                          0x0000043f   Thumb Code     0  startup_mk70f12.o(.text)
    SWI_IRQHandler                           0x0000043f   Thumb Code     0  startup_mk70f12.o(.text)
    TSI0_IRQHandler                          0x0000043f   Thumb Code     0  startup_mk70f12.o(.text)
    UART0_ERR_IRQHandler                     0x0000043f   Thumb Code     0  startup_mk70f12.o(.text)
    UART0_LON_IRQHandler                     0x0000043f   Thumb Code     0  startup_mk70f12.o(.text)
    UART0_RX_TX_IRQHandler                   0x0000043f   Thumb Code     0  startup_mk70f12.o(.text)
    UART1_ERR_IRQHandler                     0x0000043f   Thumb Code     0  startup_mk70f12.o(.text)
    UART1_RX_TX_IRQHandler                   0x0000043f   Thumb Code     0  startup_mk70f12.o(.text)
    UART2_ERR_IRQHandler                     0x0000043f   Thumb Code     0  startup_mk70f12.o(.text)
    UART2_RX_TX_IRQHandler                   0x0000043f   Thumb Code     0  startup_mk70f12.o(.text)
    UART3_ERR_IRQHandler                     0x0000043f   Thumb Code     0  startup_mk70f12.o(.text)
    UART3_RX_TX_IRQHandler                   0x0000043f   Thumb Code     0  startup_mk70f12.o(.text)
    UART4_ERR_IRQHandler                     0x0000043f   Thumb Code     0  startup_mk70f12.o(.text)
    UART4_RX_TX_IRQHandler                   0x0000043f   Thumb Code     0  startup_mk70f12.o(.text)
    UART5_ERR_IRQHandler                     0x0000043f   Thumb Code     0  startup_mk70f12.o(.text)
    UART5_RX_TX_IRQHandler                   0x0000043f   Thumb Code     0  startup_mk70f12.o(.text)
    USB0_IRQHandler                          0x0000043f   Thumb Code     0  startup_mk70f12.o(.text)
    USBDCD_IRQHandler                        0x0000043f   Thumb Code     0  startup_mk70f12.o(.text)
    USBHS_IRQHandler                         0x0000043f   Thumb Code     0  startup_mk70f12.o(.text)
    Watchdog_IRQHandler                      0x0000043f   Thumb Code     0  startup_mk70f12.o(.text)
    __scatterload                            0x00000449   Thumb Code    28  init.o(.text)
    __scatterload_rt2                        0x00000449   Thumb Code     0  init.o(.text)
    __decompress                             0x0000046d   Thumb Code     0  __dczerorl2.o(.text)
    __decompress1                            0x0000046d   Thumb Code    86  __dczerorl2.o(.text)
    AssignTouchInterruptHandler              0x000004c5   Thumb Code     6  touchpanel.o(i.AssignTouchInterruptHandler)
    CalibrateTouch                           0x000004d1   Thumb Code   218  touchpanel.o(i.CalibrateTouch)
    ClearScreen                              0x000005b1   Thumb Code    52  ili9488_display.o(i.ClearScreen)
    ConfigureSPIForTouch                     0x000005e5   Thumb Code    34  touchpanel.o(i.ConfigureSPIForTouch)
    ConnectToTouchPanel                      0x0000061d   Thumb Code    22  multifunctionbus.o(i.ConnectToTouchPanel)
    ConvertIntToText                         0x00000639   Thumb Code   114  converters.o(i.ConvertIntToText)
    Delay_Cycles                             0x000006ab   Thumb Code    10  delays.o(i.Delay_Cycles)
    Delay_ms                                 0x000006b5   Thumb Code    26  delays.o(i.Delay_ms)
    DisableTouchInterrupt                    0x000006d1   Thumb Code    38  touchpanel.o(i.DisableTouchInterrupt)
    EnableTouchInterrupt                     0x00000701   Thumb Code    42  touchpanel.o(i.EnableTouchInterrupt)
    FontChip_Init                            0x00000731   Thumb Code    44  fontchip.o(i.FontChip_Init)
    GetTouch                                 0x00000765   Thumb Code    34  touchpanel.o(i.GetTouch)
    GetTouchLocation                         0x0000078d   Thumb Code   128  touchpanel.o(i.GetTouchLocation)
    ILI9488_EnterSleep                       0x0000091d   Thumb Code    36  ili9488_display.o(i.ILI9488_EnterSleep)
    ILI9488_ExitSleep                        0x00000945   Thumb Code    30  ili9488_display.o(i.ILI9488_ExitSleep)
    ILI9488_Init                             0x00000969   Thumb Code    34  ili9488_display.o(i.ILI9488_Init)
    LCDLactchingHandler_AfterDisplay         0x00000c39   Thumb Code    14  lcdlatchinghandler.o(i.LCDLactchingHandler_AfterDisplay)
    LCDLatchingHandler_BeforeDisplay         0x00000c4d   Thumb Code    34  lcdlatchinghandler.o(i.LCDLatchingHandler_BeforeDisplay)
    LCDLatchingHandler_Init                  0x00000c79   Thumb Code    26  lcdlatchinghandler.o(i.LCDLatchingHandler_Init)
    LCD_SetPos                               0x00000c9d   Thumb Code    94  ili9488_display.o(i.LCD_SetPos)
    LPTimer_DefaultInit                      0x00000cfd   Thumb Code    62  lptimer_ldd.o(i.LPTimer_DefaultInit)
    LPTimer_IRQHandler                       0x00000d49   Thumb Code    18  lptimer_ldd.o(i.LPTimer_IRQHandler)
    LPTimer_SetCallBack                      0x00000d65   Thumb Code     6  lptimer_ldd.o(i.LPTimer_SetCallBack)
    LPTimer_SetForInterrupt                  0x00000d71   Thumb Code    56  lptimer_ldd.o(i.LPTimer_SetForInterrupt)
    MakeCalibrationParams                    0x00000dad   Thumb Code   158  touchpanelcalibration.o(i.MakeCalibrationParams)
    Method5                                  0x00000e51   Thumb Code   320  touchpanel.o(i.Method5)
    MultiFunctionBus_Init                    0x00000f95   Thumb Code    82  multifunctionbus.o(i.MultiFunctionBus_Init)
    PORTE_IRQHandler                         0x0000101d   Thumb Code    26  touchpanel.o(i.PORTE_IRQHandler)
    SDCard_Init                              0x00001071   Thumb Code    44  sdcard.o(i.SDCard_Init)
    SPI_GetRegVal                            0x000010a5   Thumb Code    90  spi_hld.o(i.SPI_GetRegVal)
    ShowFilledSquare                         0x000010ff   Thumb Code    58  ili9488_display.o(i.ShowFilledSquare)
    ShowSingleChar                           0x00001139   Thumb Code   122  ili9488_display.o(i.ShowSingleChar)
    ShowString                               0x000011b9   Thumb Code    52  ili9488_display.o(i.ShowString)
    SystemInit                               0x000011ed   Thumb Code   266  system_mk70f12.o(i.SystemInit)
    TFTFlash_Init                            0x00001329   Thumb Code    44  tft_flash.o(i.TFTFlash_Init)
    TouchHandler                             0x0000135d   Thumb Code    24  main_file.o(i.TouchHandler)
    TouchPanelCalibration_Init               0x00001379   Thumb Code    14  touchpanelcalibration.o(i.TouchPanelCalibration_Init)
    TouchPanel_Init                          0x0000138d   Thumb Code   114  touchpanel.o(i.TouchPanel_Init)
    TouchPanel_Poll                          0x00001421   Thumb Code    24  touchpanel.o(i.TouchPanel_Poll)
    __scatterload_copy                       0x00001575   Thumb Code    14  handlers.o(i.__scatterload_copy)
    __scatterload_null                       0x00001583   Thumb Code     2  handlers.o(i.__scatterload_null)
    __scatterload_zeroinit                   0x00001585   Thumb Code    14  handlers.o(i.__scatterload_zeroinit)
    _makeAn                                  0x00001593   Thumb Code    52  touchpanelcalibration.o(i._makeAn)
    _makeBn                                  0x000015c7   Thumb Code    48  touchpanelcalibration.o(i._makeBn)
    _makeCn                                  0x000015f7   Thumb Code    88  touchpanelcalibration.o(i._makeCn)
    _makeDn                                  0x0000164f   Thumb Code    52  touchpanelcalibration.o(i._makeDn)
    _makeEn                                  0x00001683   Thumb Code    52  touchpanelcalibration.o(i._makeEn)
    _makeFn                                  0x000016b7   Thumb Code    88  touchpanelcalibration.o(i._makeFn)
    main                                     0x00001711   Thumb Code    58  main_file.o(i.main)
    malloc                                   0x00001751   Thumb Code    92  malloc.o(i.malloc)
    Region$$Table$$Base                      0x000017bc   Number         0  anon$$obj.o(Region$$Table)
    Region$$Table$$Limit                     0x000017dc   Number         0  anon$$obj.o(Region$$Table)
    mode                                     0x20000010   Data           1  multifunctionbus.o(.data)
    isInSleepMode                            0x20000011   Data           1  lcdlatchinghandler.o(.data)
    cal                                      0x20000014   Data           4  touchpanelcalibration.o(.data)
    Font_12x8_1                              0x20000018   Data        1140  font.o(.data)
    __microlib_freelist                      0x2000048c   Data           4  mvars.o(.data)
    __microlib_freelist_initialised          0x20000490   Data           4  mvars.o(.data)
    __heap_base                              0x20000498   Data           0  startup_mk70f12.o(HEAP)
    __heap_limit                             0x20000498   Data           0  startup_mk70f12.o(HEAP)
    __initial_sp                             0x20000898   Data           0  startup_mk70f12.o(STACK)



==============================================================================

Memory Map of the image

  Image Entry point : 0x00000411

  Load Region LR_IROM1 (Base: 0x00000000, Size: 0x00001c70, Max: 0x00100000, ABSOLUTE, COMPRESSED[0x00001a34])

    Execution Region ER_IROM1 (Base: 0x00000000, Size: 0x000017dc, Max: 0x00100000, ABSOLUTE)

    Base Addr    Size         Type   Attr      Idx    E Section Name        Object

    0x00000000   0x00000400   Data   RO          725    RESET               startup_mk70f12.o
    0x00000400   0x00000010   Code   RO          726    .ARM.__at_0x400     startup_mk70f12.o
    0x00000410   0x00000000   Code   RO          759  * .ARM.Collect$$$$00000000  mc_w.l(entry.o)
    0x00000410   0x00000004   Code   RO          790    .ARM.Collect$$$$00000001  mc_w.l(entry2.o)
    0x00000414   0x00000004   Code   RO          793    .ARM.Collect$$$$00000004  mc_w.l(entry5.o)
    0x00000418   0x00000000   Code   RO          795    .ARM.Collect$$$$00000008  mc_w.l(entry7b.o)
    0x00000418   0x00000000   Code   RO          797    .ARM.Collect$$$$0000000A  mc_w.l(entry8b.o)
    0x00000418   0x00000008   Code   RO          798    .ARM.Collect$$$$0000000B  mc_w.l(entry9a.o)
    0x00000420   0x00000000   Code   RO          800    .ARM.Collect$$$$0000000D  mc_w.l(entry10a.o)
    0x00000420   0x00000000   Code   RO          802    .ARM.Collect$$$$0000000F  mc_w.l(entry11a.o)
    0x00000420   0x00000004   Code   RO          791    .ARM.Collect$$$$00002712  mc_w.l(entry2.o)
    0x00000424   0x00000024   Code   RO          727    .text               startup_mk70f12.o
    0x00000448   0x00000024   Code   RO          810    .text               mc_w.l(init.o)
    0x0000046c   0x00000056   Code   RO          820    .text               mc_w.l(__dczerorl2.o)
    0x000004c2   0x00000002   PAD
    0x000004c4   0x0000000c   Code   RO          311    i.AssignTouchInterruptHandler  touchpanel.o
    0x000004d0   0x000000e0   Code   RO          312    i.CalibrateTouch    touchpanel.o
    0x000005b0   0x00000034   Code   RO          200    i.ClearScreen       ili9488_display.o
    0x000005e4   0x00000038   Code   RO          313    i.ConfigureSPIForTouch  touchpanel.o
    0x0000061c   0x0000001c   Code   RO          445    i.ConnectToTouchPanel  multifunctionbus.o
    0x00000638   0x00000072   Code   RO          699    i.ConvertIntToText  converters.o
    0x000006aa   0x0000000a   Code   RO          168    i.Delay_Cycles      delays.o
    0x000006b4   0x0000001a   Code   RO          171    i.Delay_ms          delays.o
    0x000006ce   0x00000002   PAD
    0x000006d0   0x00000030   Code   RO          314    i.DisableTouchInterrupt  touchpanel.o
    0x00000700   0x00000030   Code   RO          315    i.EnableTouchInterrupt  touchpanel.o
    0x00000730   0x00000034   Code   RO          557    i.FontChip_Init     fontchip.o
    0x00000764   0x00000028   Code   RO          316    i.GetTouch          touchpanel.o
    0x0000078c   0x0000008c   Code   RO          317    i.GetTouchLocation  touchpanel.o
    0x00000818   0x0000000e   Code   RO          318    i.GetTouchLocationX  touchpanel.o
    0x00000826   0x0000000e   Code   RO          319    i.GetTouchLocationZ1  touchpanel.o
    0x00000834   0x0000000e   Code   RO          320    i.GetTouchLocationZ2  touchpanel.o
    0x00000842   0x00000002   PAD
    0x00000844   0x00000034   Code   RO          321    i.GetTouchRegisterVal  touchpanel.o
    0x00000878   0x000000a2   Code   RO          322    i.GetXYAtZValid     touchpanel.o
    0x0000091a   0x00000002   PAD
    0x0000091c   0x00000028   Code   RO          201    i.ILI9488_EnterSleep  ili9488_display.o
    0x00000944   0x00000024   Code   RO          202    i.ILI9488_ExitSleep  ili9488_display.o
    0x00000968   0x00000028   Code   RO          203    i.ILI9488_Init      ili9488_display.o
    0x00000990   0x000000bc   Code   RO          204    i.ILI9488_InitPeripherals  ili9488_display.o
    0x00000a4c   0x000001c8   Code   RO          205    i.ILI9488_SendInitSequence  ili9488_display.o
    0x00000c14   0x00000024   Code   RO          484    i.LCDFreeHandler    lcdlatchinghandler.o
    0x00000c38   0x00000014   Code   RO          485    i.LCDLactchingHandler_AfterDisplay  lcdlatchinghandler.o
    0x00000c4c   0x0000002c   Code   RO          486    i.LCDLatchingHandler_BeforeDisplay  lcdlatchinghandler.o
    0x00000c78   0x00000024   Code   RO          487    i.LCDLatchingHandler_Init  lcdlatchinghandler.o
    0x00000c9c   0x0000005e   Code   RO          207    i.LCD_SetPos        ili9488_display.o
    0x00000cfa   0x00000002   PAD
    0x00000cfc   0x0000004c   Code   RO          122    i.LPTimer_DefaultInit  lptimer_ldd.o
    0x00000d48   0x0000001c   Code   RO          123    i.LPTimer_IRQHandler  lptimer_ldd.o
    0x00000d64   0x0000000c   Code   RO          124    i.LPTimer_SetCallBack  lptimer_ldd.o
    0x00000d70   0x0000003c   Code   RO          125    i.LPTimer_SetForInterrupt  lptimer_ldd.o
    0x00000dac   0x000000a4   Code   RO          614    i.MakeCalibrationParams  touchpanelcalibration.o
    0x00000e50   0x00000144   Code   RO          323    i.Method5           touchpanel.o
    0x00000f94   0x00000070   Code   RO          446    i.MultiFunctionBus_Init  multifunctionbus.o
    0x00001004   0x00000018   Code   RO          324    i.NVIC_ClearPendingIRQ  touchpanel.o
    0x0000101c   0x00000024   Code   RO          325    i.PORTE_IRQHandler  touchpanel.o
    0x00001040   0x0000002e   Code   RO           91    i.ReceiveData       spi_hld.o
    0x0000106e   0x00000002   PAD
    0x00001070   0x00000034   Code   RO          525    i.SDCard_Init       sdcard.o
    0x000010a4   0x0000005a   Code   RO           92    i.SPI_GetRegVal     spi_hld.o
    0x000010fe   0x0000003a   Code   RO          208    i.ShowFilledSquare  ili9488_display.o
    0x00001138   0x00000080   Code   RO          209    i.ShowSingleChar    ili9488_display.o
    0x000011b8   0x00000034   Code   RO          210    i.ShowString        ili9488_display.o
    0x000011ec   0x0000013c   Code   RO          735    i.SystemInit        system_mk70f12.o
    0x00001328   0x00000034   Code   RO          586    i.TFTFlash_Init     tft_flash.o
    0x0000135c   0x0000001c   Code   RO            3    i.TouchHandler      main_file.o
    0x00001378   0x00000014   Code   RO          615    i.TouchPanelCalibration_Init  touchpanelcalibration.o
    0x0000138c   0x00000094   Code   RO          326    i.TouchPanel_Init   touchpanel.o
    0x00001420   0x0000001c   Code   RO          327    i.TouchPanel_Poll   touchpanel.o
    0x0000143c   0x00000040   Code   RO          211    i.Write_Cmd         ili9488_display.o
    0x0000147c   0x0000008c   Code   RO          212    i.Write_Cmd_Data    ili9488_display.o
    0x00001508   0x00000058   Code   RO          213    i.Write_Data        ili9488_display.o
    0x00001560   0x00000014   Code   RO          214    i.Write_Data_U16    ili9488_display.o
    0x00001574   0x0000000e   Code   RO          814    i.__scatterload_copy  mc_w.l(handlers.o)
    0x00001582   0x00000002   Code   RO          815    i.__scatterload_null  mc_w.l(handlers.o)
    0x00001584   0x0000000e   Code   RO          816    i.__scatterload_zeroinit  mc_w.l(handlers.o)
    0x00001592   0x00000034   Code   RO          616    i._makeAn           touchpanelcalibration.o
    0x000015c6   0x00000030   Code   RO          617    i._makeBn           touchpanelcalibration.o
    0x000015f6   0x00000058   Code   RO          618    i._makeCn           touchpanelcalibration.o
    0x0000164e   0x00000034   Code   RO          619    i._makeDn           touchpanelcalibration.o
    0x00001682   0x00000034   Code   RO          620    i._makeEn           touchpanelcalibration.o
    0x000016b6   0x00000058   Code   RO          621    i._makeFn           touchpanelcalibration.o
    0x0000170e   0x00000002   PAD
    0x00001710   0x00000040   Code   RO            4    i.main              main_file.o
    0x00001750   0x0000006c   Code   RO          763    i.malloc            mc_w.l(malloc.o)
    0x000017bc   0x00000020   Data   RO          812    Region$$Table       anon$$obj.o


    Execution Region RW_IRAM1 (Base: 0x20000000, Size: 0x00000898, Max: 0x00010000, ABSOLUTE, COMPRESSED[0x00000258])

    Base Addr    Size         Type   Attr      Idx    E Section Name        Object

    0x20000000   0x00000004   Data   RW          126    .data               lptimer_ldd.o
    0x20000004   0x0000000c   Data   RW          328    .data               touchpanel.o
    0x20000010   0x00000001   Data   RW          447    .data               multifunctionbus.o
    0x20000011   0x00000001   Data   RW          488    .data               lcdlatchinghandler.o
    0x20000012   0x00000002   PAD
    0x20000014   0x00000004   Data   RW          622    .data               touchpanelcalibration.o
    0x20000018   0x00000474   Data   RW          690    .data               font.o
    0x2000048c   0x00000004   Data   RW          808    .data               mc_w.l(mvars.o)
    0x20000490   0x00000004   Data   RW          809    .data               mc_w.l(mvars.o)
    0x20000494   0x00000004   PAD
    0x20000498   0x00000000   Zero   RW          724    HEAP                startup_mk70f12.o
    0x20000498   0x00000400   Zero   RW          723    STACK               startup_mk70f12.o


==============================================================================

Image component sizes


      Code (inc. data)   RO Data    RW Data    ZI Data      Debug   Object Name

       114          0          0          0          0        583   converters.o
        36          0          0          0          0       1046   delays.o
         0          0          0       1140          0        438   font.o
        52          8          0          0          0       1032   fontchip.o
      1456        166          0          0          0      10672   ili9488_display.o
       136         36          0          1          0       2680   lcdlatchinghandler.o
       176         34          0          4          0      27846   lptimer_ldd.o
        92         10          0          0          0     344522   main_file.o
       140         36          0          1          0       1905   multifunctionbus.o
        52          8          0          0          0       1006   sdcard.o
       136          0          0          0          0       1608   spi_hld.o
        52         24       1024          0       1024       1140   startup_mk70f12.o
       316         50          0          0          0        673   system_mk70f12.o
        52          8          0          0          0       1032   tft_flash.o
      1384        130          0         12          0      36845   touchpanel.o
       564         12          0          4          0       5703   touchpanelcalibration.o

    ----------------------------------------------------------------------
      4770        522       1056       1164       1024     438731   Object Totals
         0          0         32          0          0          0   (incl. Generated)
        12          0          0          2          0          0   (incl. Padding)

    ----------------------------------------------------------------------

      Code (inc. data)   RO Data    RW Data    ZI Data      Debug   Library Member Name

        86          0          0          0          0          0   __dczerorl2.o
         0          0          0          0          0          0   entry.o
         0          0          0          0          0          0   entry10a.o
         0          0          0          0          0          0   entry11a.o
         8          4          0          0          0          0   entry2.o
         4          0          0          0          0          0   entry5.o
         0          0          0          0          0          0   entry7b.o
         0          0          0          0          0          0   entry8b.o
         8          4          0          0          0          0   entry9a.o
        30          0          0          0          0          0   handlers.o
        36          8          0          0          0         68   init.o
       108         16          0          0          0         84   malloc.o
         0          0          0          8          0          0   mvars.o

    ----------------------------------------------------------------------
       282         32          0          8          4        152   Library Totals
         2          0          0          0          4          0   (incl. Padding)

    ----------------------------------------------------------------------

      Code (inc. data)   RO Data    RW Data    ZI Data      Debug   Library Name

       280         32          0          8          0        152   mc_w.l

    ----------------------------------------------------------------------
       282         32          0          8          4        152   Library Totals

    ----------------------------------------------------------------------

==============================================================================


      Code (inc. data)   RO Data    RW Data    ZI Data      Debug   

      5052        554       1056       1172       1028     433467   Grand Totals
      5052        554       1056        600       1028     433467   ELF Image Totals (compressed)
      5052        554       1056        600          0          0   ROM Totals

==============================================================================

    Total RO  Size (Code + RO Data)                 6108 (   5.96kB)
    Total RW  Size (RW Data + ZI Data)              2200 (   2.15kB)
    Total ROM Size (Code + RO Data + RW Data)       6708 (   6.55kB)

==============================================================================

